[2026-02-12T23:31:23.786+0000] {local_task_job_runner.py:120} INFO - ::group::Pre task execution logs
[2026-02-12T23:31:23.805+0000] {taskinstance.py:2076} INFO - Dependencies all met for dep_context=non-requeueable deps ti=<TaskInstance: twitter_pipeline_2.extrair_tweets scheduled__2026-02-09T00:00:00+00:00 [queued]>
[2026-02-12T23:31:23.815+0000] {taskinstance.py:2076} INFO - Dependencies all met for dep_context=requeueable deps ti=<TaskInstance: twitter_pipeline_2.extrair_tweets scheduled__2026-02-09T00:00:00+00:00 [queued]>
[2026-02-12T23:31:23.815+0000] {taskinstance.py:2306} INFO - Starting attempt 1 of 1
[2026-02-12T23:31:23.825+0000] {taskinstance.py:2330} INFO - Executing <Task(TwitterOperator): extrair_tweets> on 2026-02-09 00:00:00+00:00
[2026-02-12T23:31:23.832+0000] {standard_task_runner.py:64} INFO - Started process 1677 to run task
[2026-02-12T23:31:23.834+0000] {standard_task_runner.py:90} INFO - Running: ['airflow', 'tasks', 'run', 'twitter_pipeline_2', 'extrair_tweets', 'scheduled__2026-02-09T00:00:00+00:00', '--job-id', '184', '--raw', '--subdir', 'DAGS_FOLDER/dag2.py', '--cfg-path', '/tmp/tmpufy6_65c']
[2026-02-12T23:31:23.835+0000] {standard_task_runner.py:91} INFO - Job 184: Subtask extrair_tweets
[2026-02-12T23:31:23.883+0000] {task_command.py:426} INFO - Running <TaskInstance: twitter_pipeline_2.extrair_tweets scheduled__2026-02-09T00:00:00+00:00 [running]> on host 0bc7f8c4ce9d
[2026-02-12T23:31:23.959+0000] {taskinstance.py:2648} INFO - Exporting env vars: AIRFLOW_CTX_DAG_OWNER='airflow' AIRFLOW_CTX_DAG_ID='twitter_pipeline_2' AIRFLOW_CTX_TASK_ID='extrair_tweets' AIRFLOW_CTX_EXECUTION_DATE='2026-02-09T00:00:00+00:00' AIRFLOW_CTX_TRY_NUMBER='1' AIRFLOW_CTX_DAG_RUN_ID='scheduled__2026-02-09T00:00:00+00:00'
[2026-02-12T23:31:23.960+0000] {taskinstance.py:430} INFO - ::endgroup::
[2026-02-12T23:31:23.969+0000] {base.py:84} INFO - Using connection ID 'twitter_default' for task execution.
[2026-02-12T23:31:23.970+0000] {twitterhook.py:32} INFO - Requesting https://labdados.com//2/tweets/search/recent?query=data%20science&tweet.fields=author_id,conversation_id,created_at,id,in_reply_to_user_id,public_metrics,lang,text&expansions=author_id&user.fields=id,name,username,created_at&start_time=2026-02-09T00:00:00.00Z&end_time=2026-02-10T00:00:00.00Z
[2026-02-12T23:31:24.395+0000] {twitteroperator.py:41} INFO - Tweets salvos em /opt/airflow/data/raw/tweets_2026-02-09.json
[2026-02-12T23:31:24.395+0000] {taskinstance.py:441} INFO - ::group::Post task execution logs
[2026-02-12T23:31:24.416+0000] {taskinstance.py:1206} INFO - Marking task as SUCCESS. dag_id=twitter_pipeline_2, task_id=extrair_tweets, run_id=scheduled__2026-02-09T00:00:00+00:00, execution_date=20260209T000000, start_date=20260212T233123, end_date=20260212T233124
[2026-02-12T23:31:24.447+0000] {local_task_job_runner.py:243} INFO - Task exited with return code 0
[2026-02-12T23:31:24.468+0000] {taskinstance.py:3503} INFO - 1 downstream tasks scheduled from follow-on schedule check
[2026-02-12T23:31:24.470+0000] {local_task_job_runner.py:222} INFO - ::endgroup::
[2026-02-12T23:42:03.307+0000] {local_task_job_runner.py:120} INFO - ::group::Pre task execution logs
[2026-02-12T23:42:03.319+0000] {taskinstance.py:2076} INFO - Dependencies all met for dep_context=non-requeueable deps ti=<TaskInstance: twitter_pipeline_2.extrair_tweets scheduled__2026-02-09T00:00:00+00:00 [queued]>
[2026-02-12T23:42:03.324+0000] {taskinstance.py:2076} INFO - Dependencies all met for dep_context=requeueable deps ti=<TaskInstance: twitter_pipeline_2.extrair_tweets scheduled__2026-02-09T00:00:00+00:00 [queued]>
[2026-02-12T23:42:03.324+0000] {taskinstance.py:2306} INFO - Starting attempt 1 of 1
[2026-02-12T23:42:03.331+0000] {taskinstance.py:2330} INFO - Executing <Task(TwitterOperator): extrair_tweets> on 2026-02-09 00:00:00+00:00
[2026-02-12T23:42:03.337+0000] {standard_task_runner.py:64} INFO - Started process 7458 to run task
[2026-02-12T23:42:03.340+0000] {standard_task_runner.py:90} INFO - Running: ['airflow', 'tasks', 'run', 'twitter_pipeline_2', 'extrair_tweets', 'scheduled__2026-02-09T00:00:00+00:00', '--job-id', '226', '--raw', '--subdir', 'DAGS_FOLDER/dag2.py', '--cfg-path', '/tmp/tmpgnogmwgo']
[2026-02-12T23:42:03.341+0000] {standard_task_runner.py:91} INFO - Job 226: Subtask extrair_tweets
[2026-02-12T23:42:03.383+0000] {task_command.py:426} INFO - Running <TaskInstance: twitter_pipeline_2.extrair_tweets scheduled__2026-02-09T00:00:00+00:00 [running]> on host 0bc7f8c4ce9d
[2026-02-12T23:42:03.447+0000] {taskinstance.py:2648} INFO - Exporting env vars: AIRFLOW_CTX_DAG_OWNER='airflow' AIRFLOW_CTX_DAG_ID='twitter_pipeline_2' AIRFLOW_CTX_TASK_ID='extrair_tweets' AIRFLOW_CTX_EXECUTION_DATE='2026-02-09T00:00:00+00:00' AIRFLOW_CTX_TRY_NUMBER='1' AIRFLOW_CTX_DAG_RUN_ID='scheduled__2026-02-09T00:00:00+00:00'
[2026-02-12T23:42:03.448+0000] {taskinstance.py:430} INFO - ::endgroup::
[2026-02-12T23:42:03.456+0000] {base.py:84} INFO - Using connection ID 'twitter_default' for task execution.
[2026-02-12T23:42:03.457+0000] {twitterhook.py:32} INFO - Requesting https://labdados.com//2/tweets/search/recent?query=data%20science&tweet.fields=author_id,conversation_id,created_at,id,in_reply_to_user_id,public_metrics,lang,text&expansions=author_id&user.fields=id,name,username,created_at&start_time=2026-02-09T00:00:00.00Z&end_time=2026-02-10T00:00:00.00Z
[2026-02-12T23:42:03.893+0000] {twitterhook.py:32} INFO - Requesting https://labdados.com//2/tweets/search/recent?query=data%20science&tweet.fields=author_id,conversation_id,created_at,id,in_reply_to_user_id,public_metrics,lang,text&expansions=author_id&user.fields=id,name,username,created_at&start_time=2026-02-09T00:00:00.00Z&end_time=2026-02-10T00:00:00.00Z&next_token=***67890abcdef
[2026-02-12T23:42:04.026+0000] {twitterhook.py:32} INFO - Requesting https://labdados.com//2/tweets/search/recent?query=data%20science&tweet.fields=author_id,conversation_id,created_at,id,in_reply_to_user_id,public_metrics,lang,text&expansions=author_id&user.fields=id,name,username,created_at&start_time=2026-02-09T00:00:00.00Z&end_time=2026-02-10T00:00:00.00Z&next_token=***67890abcdef
[2026-02-12T23:42:04.158+0000] {twitterhook.py:32} INFO - Requesting https://labdados.com//2/tweets/search/recent?query=data%20science&tweet.fields=author_id,conversation_id,created_at,id,in_reply_to_user_id,public_metrics,lang,text&expansions=author_id&user.fields=id,name,username,created_at&start_time=2026-02-09T00:00:00.00Z&end_time=2026-02-10T00:00:00.00Z&next_token=***67890abcdef
[2026-02-12T23:42:04.296+0000] {twitteroperator.py:41} INFO - Tweets salvos em /opt/airflow/data/raw/tweets_2026-02-09.json
[2026-02-12T23:42:04.297+0000] {taskinstance.py:441} INFO - ::group::Post task execution logs
[2026-02-12T23:42:04.315+0000] {taskinstance.py:1206} INFO - Marking task as SUCCESS. dag_id=twitter_pipeline_2, task_id=extrair_tweets, run_id=scheduled__2026-02-09T00:00:00+00:00, execution_date=20260209T000000, start_date=20260212T234203, end_date=20260212T234204
[2026-02-12T23:42:04.353+0000] {local_task_job_runner.py:243} INFO - Task exited with return code 0
[2026-02-12T23:42:04.371+0000] {taskinstance.py:3503} INFO - 1 downstream tasks scheduled from follow-on schedule check
[2026-02-12T23:42:04.373+0000] {local_task_job_runner.py:222} INFO - ::endgroup::
