[2026-02-12T23:31:04.441+0000] {local_task_job_runner.py:120} INFO - ::group::Pre task execution logs
[2026-02-12T23:31:04.458+0000] {taskinstance.py:2076} INFO - Dependencies all met for dep_context=non-requeueable deps ti=<TaskInstance: twitter_pipeline_2.extrair_tweets scheduled__2026-02-07T00:00:00+00:00 [queued]>
[2026-02-12T23:31:04.465+0000] {taskinstance.py:2076} INFO - Dependencies all met for dep_context=requeueable deps ti=<TaskInstance: twitter_pipeline_2.extrair_tweets scheduled__2026-02-07T00:00:00+00:00 [queued]>
[2026-02-12T23:31:04.465+0000] {taskinstance.py:2306} INFO - Starting attempt 1 of 1
[2026-02-12T23:31:04.475+0000] {taskinstance.py:2330} INFO - Executing <Task(TwitterOperator): extrair_tweets> on 2026-02-07 00:00:00+00:00
[2026-02-12T23:31:04.481+0000] {standard_task_runner.py:64} INFO - Started process 1344 to run task
[2026-02-12T23:31:04.484+0000] {standard_task_runner.py:90} INFO - Running: ['airflow', 'tasks', 'run', 'twitter_pipeline_2', 'extrair_tweets', 'scheduled__2026-02-07T00:00:00+00:00', '--job-id', '178', '--raw', '--subdir', 'DAGS_FOLDER/dag2.py', '--cfg-path', '/tmp/tmpyyhx3emv']
[2026-02-12T23:31:04.486+0000] {standard_task_runner.py:91} INFO - Job 178: Subtask extrair_tweets
[2026-02-12T23:31:04.533+0000] {task_command.py:426} INFO - Running <TaskInstance: twitter_pipeline_2.extrair_tweets scheduled__2026-02-07T00:00:00+00:00 [running]> on host 0bc7f8c4ce9d
[2026-02-12T23:31:04.610+0000] {taskinstance.py:2648} INFO - Exporting env vars: AIRFLOW_CTX_DAG_OWNER='airflow' AIRFLOW_CTX_DAG_ID='twitter_pipeline_2' AIRFLOW_CTX_TASK_ID='extrair_tweets' AIRFLOW_CTX_EXECUTION_DATE='2026-02-07T00:00:00+00:00' AIRFLOW_CTX_TRY_NUMBER='1' AIRFLOW_CTX_DAG_RUN_ID='scheduled__2026-02-07T00:00:00+00:00'
[2026-02-12T23:31:04.610+0000] {taskinstance.py:430} INFO - ::endgroup::
[2026-02-12T23:31:04.619+0000] {base.py:84} INFO - Using connection ID 'twitter_default' for task execution.
[2026-02-12T23:31:04.620+0000] {twitterhook.py:32} INFO - Requesting https://labdados.com//2/tweets/search/recent?query=data%20science&tweet.fields=author_id,conversation_id,created_at,id,in_reply_to_user_id,public_metrics,lang,text&expansions=author_id&user.fields=id,name,username,created_at&start_time=2026-02-07T00:00:00.00Z&end_time=2026-02-08T00:00:00.00Z
[2026-02-12T23:31:05.069+0000] {twitteroperator.py:41} INFO - Tweets salvos em /opt/airflow/data/raw/tweets_2026-02-07.json
[2026-02-12T23:31:05.069+0000] {taskinstance.py:441} INFO - ::group::Post task execution logs
[2026-02-12T23:31:05.090+0000] {taskinstance.py:1206} INFO - Marking task as SUCCESS. dag_id=twitter_pipeline_2, task_id=extrair_tweets, run_id=scheduled__2026-02-07T00:00:00+00:00, execution_date=20260207T000000, start_date=20260212T233104, end_date=20260212T233105
[2026-02-12T23:31:05.137+0000] {local_task_job_runner.py:243} INFO - Task exited with return code 0
[2026-02-12T23:31:05.160+0000] {taskinstance.py:3503} INFO - 1 downstream tasks scheduled from follow-on schedule check
[2026-02-12T23:31:05.162+0000] {local_task_job_runner.py:222} INFO - ::endgroup::
[2026-02-12T23:41:26.745+0000] {local_task_job_runner.py:120} INFO - ::group::Pre task execution logs
[2026-02-12T23:41:26.758+0000] {taskinstance.py:2076} INFO - Dependencies all met for dep_context=non-requeueable deps ti=<TaskInstance: twitter_pipeline_2.extrair_tweets scheduled__2026-02-07T00:00:00+00:00 [queued]>
[2026-02-12T23:41:26.762+0000] {taskinstance.py:2076} INFO - Dependencies all met for dep_context=requeueable deps ti=<TaskInstance: twitter_pipeline_2.extrair_tweets scheduled__2026-02-07T00:00:00+00:00 [queued]>
[2026-02-12T23:41:26.762+0000] {taskinstance.py:2306} INFO - Starting attempt 1 of 1
[2026-02-12T23:41:26.770+0000] {taskinstance.py:2330} INFO - Executing <Task(TwitterOperator): extrair_tweets> on 2026-02-07 00:00:00+00:00
[2026-02-12T23:41:26.775+0000] {standard_task_runner.py:64} INFO - Started process 6425 to run task
[2026-02-12T23:41:26.778+0000] {standard_task_runner.py:90} INFO - Running: ['airflow', 'tasks', 'run', 'twitter_pipeline_2', 'extrair_tweets', 'scheduled__2026-02-07T00:00:00+00:00', '--job-id', '220', '--raw', '--subdir', 'DAGS_FOLDER/dag2.py', '--cfg-path', '/tmp/tmpucr0ku8b']
[2026-02-12T23:41:26.780+0000] {standard_task_runner.py:91} INFO - Job 220: Subtask extrair_tweets
[2026-02-12T23:41:26.821+0000] {task_command.py:426} INFO - Running <TaskInstance: twitter_pipeline_2.extrair_tweets scheduled__2026-02-07T00:00:00+00:00 [running]> on host 0bc7f8c4ce9d
[2026-02-12T23:41:26.887+0000] {taskinstance.py:2648} INFO - Exporting env vars: AIRFLOW_CTX_DAG_OWNER='airflow' AIRFLOW_CTX_DAG_ID='twitter_pipeline_2' AIRFLOW_CTX_TASK_ID='extrair_tweets' AIRFLOW_CTX_EXECUTION_DATE='2026-02-07T00:00:00+00:00' AIRFLOW_CTX_TRY_NUMBER='1' AIRFLOW_CTX_DAG_RUN_ID='scheduled__2026-02-07T00:00:00+00:00'
[2026-02-12T23:41:26.888+0000] {taskinstance.py:430} INFO - ::endgroup::
[2026-02-12T23:41:26.897+0000] {base.py:84} INFO - Using connection ID 'twitter_default' for task execution.
[2026-02-12T23:41:26.898+0000] {twitterhook.py:32} INFO - Requesting https://labdados.com//2/tweets/search/recent?query=data%20science&tweet.fields=author_id,conversation_id,created_at,id,in_reply_to_user_id,public_metrics,lang,text&expansions=author_id&user.fields=id,name,username,created_at&start_time=2026-02-07T00:00:00.00Z&end_time=2026-02-08T00:00:00.00Z
[2026-02-12T23:41:27.304+0000] {twitteroperator.py:41} INFO - Tweets salvos em /opt/airflow/data/raw/tweets_2026-02-07.json
[2026-02-12T23:41:27.304+0000] {taskinstance.py:441} INFO - ::group::Post task execution logs
[2026-02-12T23:41:27.325+0000] {taskinstance.py:1206} INFO - Marking task as SUCCESS. dag_id=twitter_pipeline_2, task_id=extrair_tweets, run_id=scheduled__2026-02-07T00:00:00+00:00, execution_date=20260207T000000, start_date=20260212T234126, end_date=20260212T234127
[2026-02-12T23:41:27.350+0000] {local_task_job_runner.py:243} INFO - Task exited with return code 0
[2026-02-12T23:41:27.370+0000] {taskinstance.py:3503} INFO - 1 downstream tasks scheduled from follow-on schedule check
[2026-02-12T23:41:27.372+0000] {local_task_job_runner.py:222} INFO - ::endgroup::
