[2026-02-12T18:26:47.754+0000] {local_task_job_runner.py:120} INFO - ::group::Pre task execution logs
[2026-02-12T18:26:47.783+0000] {taskinstance.py:2076} INFO - Dependencies all met for dep_context=non-requeueable deps ti=<TaskInstance: twitter_pipeline_2.extrair_tweets manual__2026-02-12T18:26:46.252130+00:00 [queued]>
[2026-02-12T18:26:47.794+0000] {taskinstance.py:2076} INFO - Dependencies all met for dep_context=requeueable deps ti=<TaskInstance: twitter_pipeline_2.extrair_tweets manual__2026-02-12T18:26:46.252130+00:00 [queued]>
[2026-02-12T18:26:47.795+0000] {taskinstance.py:2306} INFO - Starting attempt 1 of 1
[2026-02-12T18:26:47.815+0000] {taskinstance.py:2330} INFO - Executing <Task(TwitterOperator): extrair_tweets> on 2026-02-12 18:26:46.252130+00:00
[2026-02-12T18:26:47.828+0000] {standard_task_runner.py:64} INFO - Started process 211 to run task
[2026-02-12T18:26:47.835+0000] {standard_task_runner.py:90} INFO - Running: ['airflow', 'tasks', 'run', 'twitter_pipeline_2', 'extrair_tweets', 'manual__2026-02-12T18:26:46.252130+00:00', '--job-id', '12', '--raw', '--subdir', 'DAGS_FOLDER/dag2.py', '--cfg-path', '/tmp/tmp82dk_lt3']
[2026-02-12T18:26:47.839+0000] {standard_task_runner.py:91} INFO - Job 12: Subtask extrair_tweets
[2026-02-12T18:26:47.941+0000] {task_command.py:426} INFO - Running <TaskInstance: twitter_pipeline_2.extrair_tweets manual__2026-02-12T18:26:46.252130+00:00 [running]> on host 649004db3ede
[2026-02-12T18:26:48.110+0000] {taskinstance.py:2648} INFO - Exporting env vars: AIRFLOW_CTX_DAG_OWNER='airflow' AIRFLOW_CTX_DAG_ID='twitter_pipeline_2' AIRFLOW_CTX_TASK_ID='extrair_tweets' AIRFLOW_CTX_EXECUTION_DATE='2026-02-12T18:26:46.252130+00:00' AIRFLOW_CTX_TRY_NUMBER='1' AIRFLOW_CTX_DAG_RUN_ID='manual__2026-02-12T18:26:46.252130+00:00'
[2026-02-12T18:26:48.112+0000] {taskinstance.py:430} INFO - ::endgroup::
[2026-02-12T18:26:48.131+0000] {taskinstance.py:441} INFO - ::group::Post task execution logs
[2026-02-12T18:26:48.147+0000] {taskinstance.py:2905} ERROR - Task failed with exception
Traceback (most recent call last):
  File "/home/airflow/.local/lib/python3.10/site-packages/airflow/models/taskinstance.py", line 465, in _execute_task
    result = _execute_callable(context=context, **execute_callable_kwargs)
  File "/home/airflow/.local/lib/python3.10/site-packages/airflow/models/taskinstance.py", line 432, in _execute_callable
    return execute_callable(context=context, **execute_callable_kwargs)
  File "/home/airflow/.local/lib/python3.10/site-packages/airflow/models/baseoperator.py", line 401, in wrapper
    return func(self, *args, **kwargs)
  File "/opt/airflow/operators/twitteroperator.py", line 34, in execute
    for page in hook.run():
  File "/opt/airflow/hook/twitterhook.py", line 55, in run
    session = self.get_conn()
  File "/home/airflow/.local/lib/python3.10/site-packages/airflow/providers/http/hooks/http.py", line 108, in get_conn
    conn = self.get_connection(self.http_conn_id)
  File "/home/airflow/.local/lib/python3.10/site-packages/airflow/hooks/base.py", line 83, in get_connection
    conn = Connection.get_connection_from_secrets(conn_id)
  File "/home/airflow/.local/lib/python3.10/site-packages/airflow/models/connection.py", line 519, in get_connection_from_secrets
    raise AirflowNotFoundException(f"The conn_id `{conn_id}` isn't defined")
airflow.exceptions.AirflowNotFoundException: The conn_id `twitter_default` isn't defined
[2026-02-12T18:26:48.152+0000] {taskinstance.py:1206} INFO - Marking task as FAILED. dag_id=twitter_pipeline_2, task_id=extrair_tweets, run_id=manual__2026-02-12T18:26:46.252130+00:00, execution_date=20260212T182646, start_date=20260212T182647, end_date=20260212T182648
[2026-02-12T18:26:48.165+0000] {standard_task_runner.py:110} ERROR - Failed to execute job 12 for task extrair_tweets (The conn_id `twitter_default` isn't defined; 211)
[2026-02-12T18:26:48.209+0000] {local_task_job_runner.py:243} INFO - Task exited with return code 1
[2026-02-12T18:26:48.246+0000] {taskinstance.py:3503} INFO - 0 downstream tasks scheduled from follow-on schedule check
[2026-02-12T18:26:48.252+0000] {local_task_job_runner.py:222} INFO - ::endgroup::
