[2026-02-12T16:10:21.827+0000] {local_task_job_runner.py:120} INFO - ::group::Pre task execution logs
[2026-02-12T16:10:21.842+0000] {taskinstance.py:2076} INFO - Dependencies all met for dep_context=non-requeueable deps ti=<TaskInstance: twitter_pipeline.extrair_tweets manual__2026-02-12T16:10:20.805497+00:00 [queued]>
[2026-02-12T16:10:21.847+0000] {taskinstance.py:2076} INFO - Dependencies all met for dep_context=requeueable deps ti=<TaskInstance: twitter_pipeline.extrair_tweets manual__2026-02-12T16:10:20.805497+00:00 [queued]>
[2026-02-12T16:10:21.847+0000] {taskinstance.py:2306} INFO - Starting attempt 1 of 1
[2026-02-12T16:10:21.857+0000] {taskinstance.py:2330} INFO - Executing <Task(TwitterOperator): extrair_tweets> on 2026-02-12 16:10:20.805497+00:00
[2026-02-12T16:10:21.863+0000] {standard_task_runner.py:64} INFO - Started process 248 to run task
[2026-02-12T16:10:21.866+0000] {standard_task_runner.py:90} INFO - Running: ['airflow', 'tasks', 'run', 'twitter_pipeline', 'extrair_tweets', 'manual__2026-02-12T16:10:20.805497+00:00', '--job-id', '16', '--raw', '--subdir', 'DAGS_FOLDER/dag_test.py', '--cfg-path', '/tmp/tmpnpc0lszy']
[2026-02-12T16:10:21.868+0000] {standard_task_runner.py:91} INFO - Job 16: Subtask extrair_tweets
[2026-02-12T16:10:21.918+0000] {task_command.py:426} INFO - Running <TaskInstance: twitter_pipeline.extrair_tweets manual__2026-02-12T16:10:20.805497+00:00 [running]> on host 711899c31697
[2026-02-12T16:10:21.992+0000] {taskinstance.py:2648} INFO - Exporting env vars: AIRFLOW_CTX_DAG_OWNER='airflow' AIRFLOW_CTX_DAG_ID='twitter_pipeline' AIRFLOW_CTX_TASK_ID='extrair_tweets' AIRFLOW_CTX_EXECUTION_DATE='2026-02-12T16:10:20.805497+00:00' AIRFLOW_CTX_TRY_NUMBER='1' AIRFLOW_CTX_DAG_RUN_ID='manual__2026-02-12T16:10:20.805497+00:00'
[2026-02-12T16:10:21.993+0000] {taskinstance.py:430} INFO - ::endgroup::
[2026-02-12T16:10:22.003+0000] {base.py:84} INFO - Using connection ID 'twitter_default' for task execution.
[2026-02-12T16:10:22.004+0000] {twitterhook.py:32} INFO - Requesting https://labdados.com//2/tweets/search/recent?query=data%20science&tweet.fields=author_id,conversation_id,created_at,id,in_reply_to_user_id,public_metrics,lang,text&expansions=author_id&user.fields=id,name,username,created_at&start_time=2026-02-11T00:00:00.00Z&end_time=2026-02-12T00:00:00.00Z
[2026-02-12T16:10:24.234+0000] {twitterhook.py:32} INFO - Requesting https://labdados.com//2/tweets/search/recent?query=data%20science&tweet.fields=author_id,conversation_id,created_at,id,in_reply_to_user_id,public_metrics,lang,text&expansions=author_id&user.fields=id,name,username,created_at&start_time=2026-02-11T00:00:00.00Z&end_time=2026-02-12T00:00:00.00Z&next_token=***67890abcdef
[2026-02-12T16:10:24.377+0000] {twitterhook.py:32} INFO - Requesting https://labdados.com//2/tweets/search/recent?query=data%20science&tweet.fields=author_id,conversation_id,created_at,id,in_reply_to_user_id,public_metrics,lang,text&expansions=author_id&user.fields=id,name,username,created_at&start_time=2026-02-11T00:00:00.00Z&end_time=2026-02-12T00:00:00.00Z&next_token=***67890abcdef
[2026-02-12T16:10:24.523+0000] {twitteroperator.py:41} INFO - Tweets salvos em /opt/data_hook/tweets_2026-02-12.json
[2026-02-12T16:10:24.523+0000] {taskinstance.py:441} INFO - ::group::Post task execution logs
[2026-02-12T16:10:24.544+0000] {taskinstance.py:1206} INFO - Marking task as SUCCESS. dag_id=twitter_pipeline, task_id=extrair_tweets, run_id=manual__2026-02-12T16:10:20.805497+00:00, execution_date=20260212T161020, start_date=20260212T161021, end_date=20260212T161024
[2026-02-12T16:10:24.565+0000] {local_task_job_runner.py:243} INFO - Task exited with return code 0
[2026-02-12T16:10:24.581+0000] {taskinstance.py:3503} INFO - 0 downstream tasks scheduled from follow-on schedule check
[2026-02-12T16:10:24.583+0000] {local_task_job_runner.py:222} INFO - ::endgroup::
