[2026-02-12T18:18:06.980+0000] {local_task_job_runner.py:120} INFO - ::group::Pre task execution logs
[2026-02-12T18:18:07.012+0000] {taskinstance.py:2076} INFO - Dependencies all met for dep_context=non-requeueable deps ti=<TaskInstance: twitter_pipeline_2.extrair_tweets scheduled__2026-02-05T00:00:00+00:00 [queued]>
[2026-02-12T18:18:07.021+0000] {taskinstance.py:2076} INFO - Dependencies all met for dep_context=requeueable deps ti=<TaskInstance: twitter_pipeline_2.extrair_tweets scheduled__2026-02-05T00:00:00+00:00 [queued]>
[2026-02-12T18:18:07.021+0000] {taskinstance.py:2306} INFO - Starting attempt 1 of 1
[2026-02-12T18:18:07.037+0000] {taskinstance.py:2330} INFO - Executing <Task(TwitterOperator): extrair_tweets> on 2026-02-05 00:00:00+00:00
[2026-02-12T18:18:07.045+0000] {standard_task_runner.py:64} INFO - Started process 222 to run task
[2026-02-12T18:18:07.050+0000] {standard_task_runner.py:90} INFO - Running: ['airflow', 'tasks', 'run', 'twitter_pipeline_2', 'extrair_tweets', 'scheduled__2026-02-05T00:00:00+00:00', '--job-id', '8', '--raw', '--subdir', 'DAGS_FOLDER/dag2.py', '--cfg-path', '/tmp/tmp0p9jwzpd']
[2026-02-12T18:18:07.052+0000] {standard_task_runner.py:91} INFO - Job 8: Subtask extrair_tweets
[2026-02-12T18:18:07.136+0000] {task_command.py:426} INFO - Running <TaskInstance: twitter_pipeline_2.extrair_tweets scheduled__2026-02-05T00:00:00+00:00 [running]> on host f81262d3ae61
[2026-02-12T18:18:07.279+0000] {taskinstance.py:2648} INFO - Exporting env vars: AIRFLOW_CTX_DAG_OWNER='airflow' AIRFLOW_CTX_DAG_ID='twitter_pipeline_2' AIRFLOW_CTX_TASK_ID='extrair_tweets' AIRFLOW_CTX_EXECUTION_DATE='2026-02-05T00:00:00+00:00' AIRFLOW_CTX_TRY_NUMBER='1' AIRFLOW_CTX_DAG_RUN_ID='scheduled__2026-02-05T00:00:00+00:00'
[2026-02-12T18:18:07.281+0000] {taskinstance.py:430} INFO - ::endgroup::
[2026-02-12T18:18:07.281+0000] {taskinstance.py:441} INFO - ::group::Post task execution logs
[2026-02-12T18:18:07.282+0000] {taskinstance.py:2905} ERROR - Task failed with exception
Traceback (most recent call last):
  File "/usr/local/lib/python3.10/pathlib.py", line 1175, in mkdir
    self._accessor.mkdir(self, mode)
FileNotFoundError: [Errno 2] No such file or directory: '/opt/data_lake/twitter_posts_raw'

During handling of the above exception, another exception occurred:

Traceback (most recent call last):
  File "/home/airflow/.local/lib/python3.10/site-packages/airflow/models/taskinstance.py", line 465, in _execute_task
    result = _execute_callable(context=context, **execute_callable_kwargs)
  File "/home/airflow/.local/lib/python3.10/site-packages/airflow/models/taskinstance.py", line 432, in _execute_callable
    return execute_callable(context=context, **execute_callable_kwargs)
  File "/home/airflow/.local/lib/python3.10/site-packages/airflow/models/baseoperator.py", line 401, in wrapper
    return func(self, *args, **kwargs)
  File "/opt/airflow/operators/twitteroperator.py", line 25, in execute
    Path(self.file_path).parent.mkdir(parents=True, exist_ok=True)
  File "/usr/local/lib/python3.10/pathlib.py", line 1179, in mkdir
    self.parent.mkdir(parents=True, exist_ok=True)
  File "/usr/local/lib/python3.10/pathlib.py", line 1175, in mkdir
    self._accessor.mkdir(self, mode)
PermissionError: [Errno 13] Permission denied: '/opt/data_lake'
[2026-02-12T18:18:07.298+0000] {taskinstance.py:1206} INFO - Marking task as FAILED. dag_id=twitter_pipeline_2, task_id=extrair_tweets, run_id=scheduled__2026-02-05T00:00:00+00:00, execution_date=20260205T000000, start_date=20260212T181807, end_date=20260212T181807
[2026-02-12T18:18:07.310+0000] {standard_task_runner.py:110} ERROR - Failed to execute job 8 for task extrair_tweets ([Errno 13] Permission denied: '/opt/data_lake'; 222)
[2026-02-12T18:18:07.343+0000] {local_task_job_runner.py:243} INFO - Task exited with return code 1
[2026-02-12T18:18:07.380+0000] {taskinstance.py:3503} INFO - 0 downstream tasks scheduled from follow-on schedule check
[2026-02-12T18:18:07.386+0000] {local_task_job_runner.py:222} INFO - ::endgroup::
[2026-02-12T20:33:43.502+0000] {local_task_job_runner.py:120} INFO - ::group::Pre task execution logs
[2026-02-12T20:33:43.518+0000] {taskinstance.py:2076} INFO - Dependencies all met for dep_context=non-requeueable deps ti=<TaskInstance: twitter_pipeline_2.extrair_tweets scheduled__2026-02-05T00:00:00+00:00 [queued]>
[2026-02-12T20:33:43.523+0000] {taskinstance.py:2076} INFO - Dependencies all met for dep_context=requeueable deps ti=<TaskInstance: twitter_pipeline_2.extrair_tweets scheduled__2026-02-05T00:00:00+00:00 [queued]>
[2026-02-12T20:33:43.524+0000] {taskinstance.py:2306} INFO - Starting attempt 1 of 1
[2026-02-12T20:33:43.533+0000] {taskinstance.py:2330} INFO - Executing <Task(TwitterOperator): extrair_tweets> on 2026-02-05 00:00:00+00:00
[2026-02-12T20:33:43.539+0000] {standard_task_runner.py:64} INFO - Started process 1664 to run task
[2026-02-12T20:33:43.542+0000] {standard_task_runner.py:90} INFO - Running: ['airflow', 'tasks', 'run', 'twitter_pipeline_2', 'extrair_tweets', 'scheduled__2026-02-05T00:00:00+00:00', '--job-id', '79', '--raw', '--subdir', 'DAGS_FOLDER/dag2.py', '--cfg-path', '/tmp/tmprcw5w0jw']
[2026-02-12T20:33:43.543+0000] {standard_task_runner.py:91} INFO - Job 79: Subtask extrair_tweets
[2026-02-12T20:33:43.588+0000] {task_command.py:426} INFO - Running <TaskInstance: twitter_pipeline_2.extrair_tweets scheduled__2026-02-05T00:00:00+00:00 [running]> on host 649004db3ede
[2026-02-12T20:33:43.666+0000] {taskinstance.py:2648} INFO - Exporting env vars: AIRFLOW_CTX_DAG_OWNER='airflow' AIRFLOW_CTX_DAG_ID='twitter_pipeline_2' AIRFLOW_CTX_TASK_ID='extrair_tweets' AIRFLOW_CTX_EXECUTION_DATE='2026-02-05T00:00:00+00:00' AIRFLOW_CTX_TRY_NUMBER='1' AIRFLOW_CTX_DAG_RUN_ID='scheduled__2026-02-05T00:00:00+00:00'
[2026-02-12T20:33:43.667+0000] {taskinstance.py:430} INFO - ::endgroup::
[2026-02-12T20:33:43.676+0000] {base.py:84} INFO - Using connection ID 'twitter_default' for task execution.
[2026-02-12T20:33:43.677+0000] {twitterhook.py:32} INFO - Requesting https://labdados.com//2/tweets/search/recent?query=data%20science&tweet.fields=author_id,conversation_id,created_at,id,in_reply_to_user_id,public_metrics,lang,text&expansions=author_id&user.fields=id,name,username,created_at&start_time=2026-02-05T00:00:00.00Z&end_time=2026-02-06T00:00:00.00Z
[2026-02-12T20:33:45.239+0000] {twitterhook.py:32} INFO - Requesting https://labdados.com//2/tweets/search/recent?query=data%20science&tweet.fields=author_id,conversation_id,created_at,id,in_reply_to_user_id,public_metrics,lang,text&expansions=author_id&user.fields=id,name,username,created_at&start_time=2026-02-05T00:00:00.00Z&end_time=2026-02-06T00:00:00.00Z&next_token=***67890abcdef
[2026-02-12T20:33:45.507+0000] {twitteroperator.py:41} INFO - Tweets salvos em /opt/data_lake/twitter_posts_raw/tweets_2026-02-05.json
[2026-02-12T20:33:45.507+0000] {taskinstance.py:441} INFO - ::group::Post task execution logs
[2026-02-12T20:33:45.528+0000] {taskinstance.py:1206} INFO - Marking task as SUCCESS. dag_id=twitter_pipeline_2, task_id=extrair_tweets, run_id=scheduled__2026-02-05T00:00:00+00:00, execution_date=20260205T000000, start_date=20260212T203343, end_date=20260212T203345
[2026-02-12T20:33:45.558+0000] {local_task_job_runner.py:243} INFO - Task exited with return code 0
[2026-02-12T20:33:45.577+0000] {taskinstance.py:3503} INFO - 1 downstream tasks scheduled from follow-on schedule check
[2026-02-12T20:33:45.578+0000] {local_task_job_runner.py:222} INFO - ::endgroup::
