[2026-02-12T16:02:49.294+0000] {local_task_job_runner.py:120} INFO - ::group::Pre task execution logs
[2026-02-12T16:02:49.309+0000] {taskinstance.py:2076} INFO - Dependencies all met for dep_context=non-requeueable deps ti=<TaskInstance: twitter_pipeline.extrair_tweets scheduled__2026-02-04T00:00:00+00:00 [queued]>
[2026-02-12T16:02:49.314+0000] {taskinstance.py:2076} INFO - Dependencies all met for dep_context=requeueable deps ti=<TaskInstance: twitter_pipeline.extrair_tweets scheduled__2026-02-04T00:00:00+00:00 [queued]>
[2026-02-12T16:02:49.315+0000] {taskinstance.py:2306} INFO - Starting attempt 1 of 1
[2026-02-12T16:02:49.324+0000] {taskinstance.py:2330} INFO - Executing <Task(TwitterOperator): extrair_tweets> on 2026-02-04 00:00:00+00:00
[2026-02-12T16:02:49.329+0000] {standard_task_runner.py:64} INFO - Started process 194 to run task
[2026-02-12T16:02:49.332+0000] {standard_task_runner.py:90} INFO - Running: ['airflow', 'tasks', 'run', 'twitter_pipeline', 'extrair_tweets', 'scheduled__2026-02-04T00:00:00+00:00', '--job-id', '41', '--raw', '--subdir', 'DAGS_FOLDER/dag_test.py', '--cfg-path', '/tmp/tmpdlxs3kxd']
[2026-02-12T16:02:49.334+0000] {standard_task_runner.py:91} INFO - Job 41: Subtask extrair_tweets
[2026-02-12T16:02:49.379+0000] {task_command.py:426} INFO - Running <TaskInstance: twitter_pipeline.extrair_tweets scheduled__2026-02-04T00:00:00+00:00 [running]> on host 905f4688aa0a
[2026-02-12T16:02:49.459+0000] {taskinstance.py:2648} INFO - Exporting env vars: AIRFLOW_CTX_DAG_OWNER='airflow' AIRFLOW_CTX_DAG_ID='twitter_pipeline' AIRFLOW_CTX_TASK_ID='extrair_tweets' AIRFLOW_CTX_EXECUTION_DATE='2026-02-04T00:00:00+00:00' AIRFLOW_CTX_TRY_NUMBER='1' AIRFLOW_CTX_DAG_RUN_ID='scheduled__2026-02-04T00:00:00+00:00'
[2026-02-12T16:02:49.460+0000] {taskinstance.py:430} INFO - ::endgroup::
[2026-02-12T16:02:49.461+0000] {taskinstance.py:441} INFO - ::group::Post task execution logs
[2026-02-12T16:02:49.461+0000] {taskinstance.py:2905} ERROR - Task failed with exception
Traceback (most recent call last):
  File "/home/airflow/.local/lib/python3.10/site-packages/airflow/models/taskinstance.py", line 465, in _execute_task
    result = _execute_callable(context=context, **execute_callable_kwargs)
  File "/home/airflow/.local/lib/python3.10/site-packages/airflow/models/taskinstance.py", line 432, in _execute_callable
    return execute_callable(context=context, **execute_callable_kwargs)
  File "/home/airflow/.local/lib/python3.10/site-packages/airflow/models/baseoperator.py", line 401, in wrapper
    return func(self, *args, **kwargs)
  File "/opt/airflow/operators/twitteroperator.py", line 33, in execute
    with open(self.file_path, 'w') as file:
PermissionError: [Errno 13] Permission denied: '/opt/data_hook/tweets_2026-02-04.json'
[2026-02-12T16:02:49.469+0000] {taskinstance.py:1206} INFO - Marking task as FAILED. dag_id=twitter_pipeline, task_id=extrair_tweets, run_id=scheduled__2026-02-04T00:00:00+00:00, execution_date=20260204T000000, start_date=20260212T160249, end_date=20260212T160249
[2026-02-12T16:02:49.477+0000] {standard_task_runner.py:110} ERROR - Failed to execute job 41 for task extrair_tweets ([Errno 13] Permission denied: '/opt/data_hook/tweets_2026-02-04.json'; 194)
[2026-02-12T16:02:49.505+0000] {local_task_job_runner.py:243} INFO - Task exited with return code 1
[2026-02-12T16:02:49.520+0000] {taskinstance.py:3503} INFO - 0 downstream tasks scheduled from follow-on schedule check
[2026-02-12T16:02:49.522+0000] {local_task_job_runner.py:222} INFO - ::endgroup::
[2026-02-12T16:05:59.201+0000] {local_task_job_runner.py:120} INFO - ::group::Pre task execution logs
[2026-02-12T16:05:59.217+0000] {taskinstance.py:2076} INFO - Dependencies all met for dep_context=non-requeueable deps ti=<TaskInstance: twitter_pipeline.extrair_tweets scheduled__2026-02-04T00:00:00+00:00 [queued]>
[2026-02-12T16:05:59.222+0000] {taskinstance.py:2076} INFO - Dependencies all met for dep_context=requeueable deps ti=<TaskInstance: twitter_pipeline.extrair_tweets scheduled__2026-02-04T00:00:00+00:00 [queued]>
[2026-02-12T16:05:59.222+0000] {taskinstance.py:2306} INFO - Starting attempt 1 of 1
[2026-02-12T16:05:59.231+0000] {taskinstance.py:2330} INFO - Executing <Task(TwitterOperator): extrair_tweets> on 2026-02-04 00:00:00+00:00
[2026-02-12T16:05:59.236+0000] {standard_task_runner.py:64} INFO - Started process 186 to run task
[2026-02-12T16:05:59.239+0000] {standard_task_runner.py:90} INFO - Running: ['airflow', 'tasks', 'run', 'twitter_pipeline', 'extrair_tweets', 'scheduled__2026-02-04T00:00:00+00:00', '--job-id', '5', '--raw', '--subdir', 'DAGS_FOLDER/dag_test.py', '--cfg-path', '/tmp/tmpm2h42bol']
[2026-02-12T16:05:59.242+0000] {standard_task_runner.py:91} INFO - Job 5: Subtask extrair_tweets
[2026-02-12T16:05:59.297+0000] {task_command.py:426} INFO - Running <TaskInstance: twitter_pipeline.extrair_tweets scheduled__2026-02-04T00:00:00+00:00 [running]> on host 711899c31697
[2026-02-12T16:05:59.369+0000] {taskinstance.py:2648} INFO - Exporting env vars: AIRFLOW_CTX_DAG_OWNER='airflow' AIRFLOW_CTX_DAG_ID='twitter_pipeline' AIRFLOW_CTX_TASK_ID='extrair_tweets' AIRFLOW_CTX_EXECUTION_DATE='2026-02-04T00:00:00+00:00' AIRFLOW_CTX_TRY_NUMBER='1' AIRFLOW_CTX_DAG_RUN_ID='scheduled__2026-02-04T00:00:00+00:00'
[2026-02-12T16:05:59.370+0000] {taskinstance.py:430} INFO - ::endgroup::
[2026-02-12T16:05:59.378+0000] {taskinstance.py:441} INFO - ::group::Post task execution logs
[2026-02-12T16:05:59.386+0000] {taskinstance.py:2905} ERROR - Task failed with exception
Traceback (most recent call last):
  File "/home/airflow/.local/lib/python3.10/site-packages/airflow/models/taskinstance.py", line 465, in _execute_task
    result = _execute_callable(context=context, **execute_callable_kwargs)
  File "/home/airflow/.local/lib/python3.10/site-packages/airflow/models/taskinstance.py", line 432, in _execute_callable
    return execute_callable(context=context, **execute_callable_kwargs)
  File "/home/airflow/.local/lib/python3.10/site-packages/airflow/models/baseoperator.py", line 401, in wrapper
    return func(self, *args, **kwargs)
  File "/opt/airflow/operators/twitteroperator.py", line 34, in execute
    for page in hook.run():
  File "/opt/airflow/hook/twitterhook.py", line 55, in run
    session = self.get_conn()
  File "/home/airflow/.local/lib/python3.10/site-packages/airflow/providers/http/hooks/http.py", line 108, in get_conn
    conn = self.get_connection(self.http_conn_id)
  File "/home/airflow/.local/lib/python3.10/site-packages/airflow/hooks/base.py", line 83, in get_connection
    conn = Connection.get_connection_from_secrets(conn_id)
  File "/home/airflow/.local/lib/python3.10/site-packages/airflow/models/connection.py", line 519, in get_connection_from_secrets
    raise AirflowNotFoundException(f"The conn_id `{conn_id}` isn't defined")
airflow.exceptions.AirflowNotFoundException: The conn_id `twitter_default` isn't defined
[2026-02-12T16:05:59.389+0000] {taskinstance.py:1206} INFO - Marking task as FAILED. dag_id=twitter_pipeline, task_id=extrair_tweets, run_id=scheduled__2026-02-04T00:00:00+00:00, execution_date=20260204T000000, start_date=20260212T160559, end_date=20260212T160559
[2026-02-12T16:05:59.396+0000] {standard_task_runner.py:110} ERROR - Failed to execute job 5 for task extrair_tweets (The conn_id `twitter_default` isn't defined; 186)
[2026-02-12T16:05:59.412+0000] {local_task_job_runner.py:243} INFO - Task exited with return code 1
[2026-02-12T16:05:59.426+0000] {taskinstance.py:3503} INFO - 0 downstream tasks scheduled from follow-on schedule check
[2026-02-12T16:05:59.427+0000] {local_task_job_runner.py:222} INFO - ::endgroup::
