[2026-02-12T23:30:19.793+0000] {local_task_job_runner.py:120} INFO - ::group::Pre task execution logs
[2026-02-12T23:30:19.805+0000] {taskinstance.py:2076} INFO - Dependencies all met for dep_context=non-requeueable deps ti=<TaskInstance: twitter_pipeline_2.extrair_tweets scheduled__2026-02-02T00:00:00+00:00 [queued]>
[2026-02-12T23:30:19.809+0000] {taskinstance.py:2076} INFO - Dependencies all met for dep_context=requeueable deps ti=<TaskInstance: twitter_pipeline_2.extrair_tweets scheduled__2026-02-02T00:00:00+00:00 [queued]>
[2026-02-12T23:30:19.809+0000] {taskinstance.py:2306} INFO - Starting attempt 1 of 1
[2026-02-12T23:30:19.818+0000] {taskinstance.py:2330} INFO - Executing <Task(TwitterOperator): extrair_tweets> on 2026-02-02 00:00:00+00:00
[2026-02-12T23:30:19.823+0000] {standard_task_runner.py:64} INFO - Started process 531 to run task
[2026-02-12T23:30:19.826+0000] {standard_task_runner.py:90} INFO - Running: ['airflow', 'tasks', 'run', 'twitter_pipeline_2', 'extrair_tweets', 'scheduled__2026-02-02T00:00:00+00:00', '--job-id', '163', '--raw', '--subdir', 'DAGS_FOLDER/dag2.py', '--cfg-path', '/tmp/tmpjrfyzqmf']
[2026-02-12T23:30:19.827+0000] {standard_task_runner.py:91} INFO - Job 163: Subtask extrair_tweets
[2026-02-12T23:30:19.867+0000] {task_command.py:426} INFO - Running <TaskInstance: twitter_pipeline_2.extrair_tweets scheduled__2026-02-02T00:00:00+00:00 [running]> on host 0bc7f8c4ce9d
[2026-02-12T23:30:19.940+0000] {taskinstance.py:2648} INFO - Exporting env vars: AIRFLOW_CTX_DAG_OWNER='airflow' AIRFLOW_CTX_DAG_ID='twitter_pipeline_2' AIRFLOW_CTX_TASK_ID='extrair_tweets' AIRFLOW_CTX_EXECUTION_DATE='2026-02-02T00:00:00+00:00' AIRFLOW_CTX_TRY_NUMBER='1' AIRFLOW_CTX_DAG_RUN_ID='scheduled__2026-02-02T00:00:00+00:00'
[2026-02-12T23:30:19.941+0000] {taskinstance.py:430} INFO - ::endgroup::
[2026-02-12T23:30:19.950+0000] {base.py:84} INFO - Using connection ID 'twitter_default' for task execution.
[2026-02-12T23:30:19.950+0000] {twitterhook.py:32} INFO - Requesting https://labdados.com//2/tweets/search/recent?query=data%20science&tweet.fields=author_id,conversation_id,created_at,id,in_reply_to_user_id,public_metrics,lang,text&expansions=author_id&user.fields=id,name,username,created_at&start_time=2026-02-02T00:00:00.00Z&end_time=2026-02-03T00:00:00.00Z
[2026-02-12T23:30:23.026+0000] {twitteroperator.py:41} INFO - Tweets salvos em /opt/airflow/data/raw/tweets_2026-02-02.json
[2026-02-12T23:30:23.026+0000] {taskinstance.py:441} INFO - ::group::Post task execution logs
[2026-02-12T23:30:23.047+0000] {taskinstance.py:1206} INFO - Marking task as SUCCESS. dag_id=twitter_pipeline_2, task_id=extrair_tweets, run_id=scheduled__2026-02-02T00:00:00+00:00, execution_date=20260202T000000, start_date=20260212T233019, end_date=20260212T233023
[2026-02-12T23:30:23.084+0000] {local_task_job_runner.py:243} INFO - Task exited with return code 0
[2026-02-12T23:30:23.105+0000] {taskinstance.py:3503} INFO - 1 downstream tasks scheduled from follow-on schedule check
[2026-02-12T23:30:23.107+0000] {local_task_job_runner.py:222} INFO - ::endgroup::
[2026-02-12T23:35:03.838+0000] {local_task_job_runner.py:120} INFO - ::group::Pre task execution logs
[2026-02-12T23:35:03.856+0000] {taskinstance.py:2076} INFO - Dependencies all met for dep_context=non-requeueable deps ti=<TaskInstance: twitter_pipeline_2.extrair_tweets scheduled__2026-02-02T00:00:00+00:00 [queued]>
[2026-02-12T23:35:03.861+0000] {taskinstance.py:2076} INFO - Dependencies all met for dep_context=requeueable deps ti=<TaskInstance: twitter_pipeline_2.extrair_tweets scheduled__2026-02-02T00:00:00+00:00 [queued]>
[2026-02-12T23:35:03.861+0000] {taskinstance.py:2306} INFO - Starting attempt 1 of 1
[2026-02-12T23:35:03.870+0000] {taskinstance.py:2330} INFO - Executing <Task(TwitterOperator): extrair_tweets> on 2026-02-02 00:00:00+00:00
[2026-02-12T23:35:03.877+0000] {standard_task_runner.py:64} INFO - Started process 3281 to run task
[2026-02-12T23:35:03.880+0000] {standard_task_runner.py:90} INFO - Running: ['airflow', 'tasks', 'run', 'twitter_pipeline_2', 'extrair_tweets', 'scheduled__2026-02-02T00:00:00+00:00', '--job-id', '202', '--raw', '--subdir', 'DAGS_FOLDER/dag2.py', '--cfg-path', '/tmp/tmp3jvp5lj6']
[2026-02-12T23:35:03.881+0000] {standard_task_runner.py:91} INFO - Job 202: Subtask extrair_tweets
[2026-02-12T23:35:03.931+0000] {task_command.py:426} INFO - Running <TaskInstance: twitter_pipeline_2.extrair_tweets scheduled__2026-02-02T00:00:00+00:00 [running]> on host 0bc7f8c4ce9d
[2026-02-12T23:35:04.009+0000] {taskinstance.py:2648} INFO - Exporting env vars: AIRFLOW_CTX_DAG_OWNER='airflow' AIRFLOW_CTX_DAG_ID='twitter_pipeline_2' AIRFLOW_CTX_TASK_ID='extrair_tweets' AIRFLOW_CTX_EXECUTION_DATE='2026-02-02T00:00:00+00:00' AIRFLOW_CTX_TRY_NUMBER='1' AIRFLOW_CTX_DAG_RUN_ID='scheduled__2026-02-02T00:00:00+00:00'
[2026-02-12T23:35:04.009+0000] {taskinstance.py:430} INFO - ::endgroup::
[2026-02-12T23:35:04.019+0000] {base.py:84} INFO - Using connection ID 'twitter_default' for task execution.
[2026-02-12T23:35:04.021+0000] {twitterhook.py:32} INFO - Requesting https://labdados.com//2/tweets/search/recent?query=data%20science&tweet.fields=author_id,conversation_id,created_at,id,in_reply_to_user_id,public_metrics,lang,text&expansions=author_id&user.fields=id,name,username,created_at&start_time=2026-02-02T00:00:00.00Z&end_time=2026-02-03T00:00:00.00Z
[2026-02-12T23:35:04.461+0000] {twitteroperator.py:41} INFO - Tweets salvos em /opt/airflow/data/raw/tweets_2026-02-02.json
[2026-02-12T23:35:04.461+0000] {taskinstance.py:441} INFO - ::group::Post task execution logs
[2026-02-12T23:35:04.481+0000] {taskinstance.py:1206} INFO - Marking task as SUCCESS. dag_id=twitter_pipeline_2, task_id=extrair_tweets, run_id=scheduled__2026-02-02T00:00:00+00:00, execution_date=20260202T000000, start_date=20260212T233503, end_date=20260212T233504
[2026-02-12T23:35:04.534+0000] {local_task_job_runner.py:243} INFO - Task exited with return code 0
[2026-02-12T23:35:04.556+0000] {taskinstance.py:3503} INFO - 1 downstream tasks scheduled from follow-on schedule check
[2026-02-12T23:35:04.558+0000] {local_task_job_runner.py:222} INFO - ::endgroup::
