[2026-02-12T18:27:38.185+0000] {local_task_job_runner.py:120} INFO - ::group::Pre task execution logs
[2026-02-12T18:27:38.213+0000] {taskinstance.py:2076} INFO - Dependencies all met for dep_context=non-requeueable deps ti=<TaskInstance: twitter_pipeline_2.extrair_tweets manual__2026-02-12T18:27:36.605380+00:00 [queued]>
[2026-02-12T18:27:38.222+0000] {taskinstance.py:2076} INFO - Dependencies all met for dep_context=requeueable deps ti=<TaskInstance: twitter_pipeline_2.extrair_tweets manual__2026-02-12T18:27:36.605380+00:00 [queued]>
[2026-02-12T18:27:38.223+0000] {taskinstance.py:2306} INFO - Starting attempt 1 of 1
[2026-02-12T18:27:38.243+0000] {taskinstance.py:2330} INFO - Executing <Task(TwitterOperator): extrair_tweets> on 2026-02-12 18:27:36.605380+00:00
[2026-02-12T18:27:38.256+0000] {standard_task_runner.py:64} INFO - Started process 235 to run task
[2026-02-12T18:27:38.264+0000] {standard_task_runner.py:90} INFO - Running: ['airflow', 'tasks', 'run', 'twitter_pipeline_2', 'extrair_tweets', 'manual__2026-02-12T18:27:36.605380+00:00', '--job-id', '19', '--raw', '--subdir', 'DAGS_FOLDER/dag2.py', '--cfg-path', '/tmp/tmp1ejt437f']
[2026-02-12T18:27:38.267+0000] {standard_task_runner.py:91} INFO - Job 19: Subtask extrair_tweets
[2026-02-12T18:27:39.561+0000] {task_command.py:426} INFO - Running <TaskInstance: twitter_pipeline_2.extrair_tweets manual__2026-02-12T18:27:36.605380+00:00 [running]> on host 649004db3ede
[2026-02-12T18:27:39.708+0000] {taskinstance.py:2648} INFO - Exporting env vars: AIRFLOW_CTX_DAG_OWNER='airflow' AIRFLOW_CTX_DAG_ID='twitter_pipeline_2' AIRFLOW_CTX_TASK_ID='extrair_tweets' AIRFLOW_CTX_EXECUTION_DATE='2026-02-12T18:27:36.605380+00:00' AIRFLOW_CTX_TRY_NUMBER='1' AIRFLOW_CTX_DAG_RUN_ID='manual__2026-02-12T18:27:36.605380+00:00'
[2026-02-12T18:27:39.709+0000] {taskinstance.py:430} INFO - ::endgroup::
[2026-02-12T18:27:39.726+0000] {base.py:84} INFO - Using connection ID 'twitter_default' for task execution.
[2026-02-12T18:27:39.727+0000] {taskinstance.py:441} INFO - ::group::Post task execution logs
[2026-02-12T18:27:39.727+0000] {taskinstance.py:2905} ERROR - Task failed with exception
Traceback (most recent call last):
  File "/home/airflow/.local/lib/python3.10/site-packages/airflow/models/taskinstance.py", line 465, in _execute_task
    result = _execute_callable(context=context, **execute_callable_kwargs)
  File "/home/airflow/.local/lib/python3.10/site-packages/airflow/models/taskinstance.py", line 432, in _execute_callable
    return execute_callable(context=context, **execute_callable_kwargs)
  File "/home/airflow/.local/lib/python3.10/site-packages/airflow/models/baseoperator.py", line 401, in wrapper
    return func(self, *args, **kwargs)
  File "/opt/airflow/operators/twitteroperator.py", line 34, in execute
    for page in hook.run():
  File "/opt/airflow/hook/twitterhook.py", line 58, in run
    return self.paginate(url_raw, session)
  File "/opt/airflow/hook/twitterhook.py", line 38, in paginate
    response = self.connect_to_endpoint(url_raw, session)
  File "/opt/airflow/hook/twitterhook.py", line 31, in connect_to_endpoint
    prep = session.prepare_request(request)
  File "/home/airflow/.local/lib/python3.10/site-packages/requests/sessions.py", line 486, in prepare_request
    p.prepare(
  File "/home/airflow/.local/lib/python3.10/site-packages/requests/models.py", line 368, in prepare
    self.prepare_url(url, params)
  File "/home/airflow/.local/lib/python3.10/site-packages/requests/models.py", line 445, in prepare_url
    raise InvalidURL(f"Invalid URL {url!r}: No host supplied")
requests.exceptions.InvalidURL: Invalid URL 'http:///2/tweets/search/recent?query=data science&tweet.fields=author_id,conversation_id,created_at,id,in_reply_to_user_id,public_metrics,lang,text&expansions=author_id&user.fields=id,name,username,created_at&start_time=2026-02-11T00:00:00.00Z&end_time=2026-02-12T00:00:00.00Z': No host supplied
[2026-02-12T18:27:39.745+0000] {taskinstance.py:1206} INFO - Marking task as FAILED. dag_id=twitter_pipeline_2, task_id=extrair_tweets, run_id=manual__2026-02-12T18:27:36.605380+00:00, execution_date=20260212T182736, start_date=20260212T182738, end_date=20260212T182739
[2026-02-12T18:27:39.760+0000] {standard_task_runner.py:110} ERROR - Failed to execute job 19 for task extrair_tweets (Invalid URL 'http:///2/tweets/search/recent?query=data science&tweet.fields=author_id,conversation_id,created_at,id,in_reply_to_user_id,public_metrics,lang,text&expansions=author_id&user.fields=id,name,username,created_at&start_time=2026-02-11T00:00:00.00Z&end_time=2026-02-12T00:00:00.00Z': No host supplied; 235)
[2026-02-12T18:27:39.782+0000] {local_task_job_runner.py:243} INFO - Task exited with return code 1
[2026-02-12T18:27:39.820+0000] {taskinstance.py:3503} INFO - 0 downstream tasks scheduled from follow-on schedule check
[2026-02-12T18:27:39.826+0000] {local_task_job_runner.py:222} INFO - ::endgroup::
