[2026-02-12T18:41:19.757+0000] {local_task_job_runner.py:120} INFO - ::group::Pre task execution logs
[2026-02-12T18:41:19.790+0000] {taskinstance.py:2076} INFO - Dependencies all met for dep_context=non-requeueable deps ti=<TaskInstance: twitter_pipeline_2.transform_twitter_datascience manual__2026-02-12T18:41:16.780751+00:00 [queued]>
[2026-02-12T18:41:19.802+0000] {taskinstance.py:2076} INFO - Dependencies all met for dep_context=requeueable deps ti=<TaskInstance: twitter_pipeline_2.transform_twitter_datascience manual__2026-02-12T18:41:16.780751+00:00 [queued]>
[2026-02-12T18:41:19.802+0000] {taskinstance.py:2306} INFO - Starting attempt 1 of 1
[2026-02-12T18:41:19.829+0000] {taskinstance.py:2330} INFO - Executing <Task(SparkSubmitOperator): transform_twitter_datascience> on 2026-02-12 18:41:16.780751+00:00
[2026-02-12T18:41:19.840+0000] {standard_task_runner.py:64} INFO - Started process 802 to run task
[2026-02-12T18:41:19.847+0000] {standard_task_runner.py:90} INFO - Running: ['airflow', 'tasks', 'run', 'twitter_pipeline_2', 'transform_twitter_datascience', 'manual__2026-02-12T18:41:16.780751+00:00', '--job-id', '32', '--raw', '--subdir', 'DAGS_FOLDER/dag2.py', '--cfg-path', '/tmp/tmp06i8kp3y']
[2026-02-12T18:41:19.850+0000] {standard_task_runner.py:91} INFO - Job 32: Subtask transform_twitter_datascience
[2026-02-12T18:41:19.934+0000] {task_command.py:426} INFO - Running <TaskInstance: twitter_pipeline_2.transform_twitter_datascience manual__2026-02-12T18:41:16.780751+00:00 [running]> on host 649004db3ede
[2026-02-12T18:41:20.091+0000] {taskinstance.py:2648} INFO - Exporting env vars: AIRFLOW_CTX_DAG_OWNER='airflow' AIRFLOW_CTX_DAG_ID='twitter_pipeline_2' AIRFLOW_CTX_TASK_ID='transform_twitter_datascience' AIRFLOW_CTX_EXECUTION_DATE='2026-02-12T18:41:16.780751+00:00' AIRFLOW_CTX_TRY_NUMBER='1' AIRFLOW_CTX_DAG_RUN_ID='manual__2026-02-12T18:41:16.780751+00:00'
[2026-02-12T18:41:20.092+0000] {taskinstance.py:430} INFO - ::endgroup::
[2026-02-12T18:41:20.109+0000] {base.py:84} INFO - Using connection ID 'spark_default' for task execution.
[2026-02-12T18:41:20.111+0000] {spark_submit.py:341} INFO - Spark-Submit cmd: spark-submit --master local --name twitter_transformation --queue root.default /opt/airflow/src/spark/transformation.py --src /opt/data_lake/twitter_posts_raw --dest /opt/airflow/data/silver
[2026-02-12T18:41:24.515+0000] {spark_submit.py:492} INFO - 26/02/12 18:41:24 INFO SparkContext: Running Spark version 3.4.1
[2026-02-12T18:41:24.603+0000] {spark_submit.py:492} INFO - 26/02/12 18:41:24 WARN NativeCodeLoader: Unable to load native-hadoop library for your platform... using builtin-java classes where applicable
[2026-02-12T18:41:24.742+0000] {spark_submit.py:492} INFO - 26/02/12 18:41:24 INFO ResourceUtils: ==============================================================
[2026-02-12T18:41:24.743+0000] {spark_submit.py:492} INFO - 26/02/12 18:41:24 INFO ResourceUtils: No custom resources configured for spark.driver.
[2026-02-12T18:41:24.743+0000] {spark_submit.py:492} INFO - 26/02/12 18:41:24 INFO ResourceUtils: ==============================================================
[2026-02-12T18:41:24.744+0000] {spark_submit.py:492} INFO - 26/02/12 18:41:24 INFO SparkContext: Submitted application: twitter_transformation
[2026-02-12T18:41:24.776+0000] {spark_submit.py:492} INFO - 26/02/12 18:41:24 INFO ResourceProfile: Default ResourceProfile created, executor resources: Map(cores -> name: cores, amount: 1, script: , vendor: , memory -> name: memory, amount: 1024, script: , vendor: , offHeap -> name: offHeap, amount: 0, script: , vendor: ), task resources: Map(cpus -> name: cpus, amount: 1.0)
[2026-02-12T18:41:24.786+0000] {spark_submit.py:492} INFO - 26/02/12 18:41:24 INFO ResourceProfile: Limiting resource is cpu
[2026-02-12T18:41:24.787+0000] {spark_submit.py:492} INFO - 26/02/12 18:41:24 INFO ResourceProfileManager: Added ResourceProfile id: 0
[2026-02-12T18:41:24.867+0000] {spark_submit.py:492} INFO - 26/02/12 18:41:24 INFO SecurityManager: Changing view acls to: default
[2026-02-12T18:41:24.868+0000] {spark_submit.py:492} INFO - 26/02/12 18:41:24 INFO SecurityManager: Changing modify acls to: default
[2026-02-12T18:41:24.869+0000] {spark_submit.py:492} INFO - 26/02/12 18:41:24 INFO SecurityManager: Changing view acls groups to:
[2026-02-12T18:41:24.869+0000] {spark_submit.py:492} INFO - 26/02/12 18:41:24 INFO SecurityManager: Changing modify acls groups to:
[2026-02-12T18:41:24.870+0000] {spark_submit.py:492} INFO - 26/02/12 18:41:24 INFO SecurityManager: SecurityManager: authentication disabled; ui acls disabled; users with view permissions: default; groups with view permissions: EMPTY; users with modify permissions: default; groups with modify permissions: EMPTY
[2026-02-12T18:41:25.272+0000] {spark_submit.py:492} INFO - 26/02/12 18:41:25 INFO Utils: Successfully started service 'sparkDriver' on port 39465.
[2026-02-12T18:41:25.325+0000] {spark_submit.py:492} INFO - 26/02/12 18:41:25 INFO SparkEnv: Registering MapOutputTracker
[2026-02-12T18:41:25.399+0000] {spark_submit.py:492} INFO - 26/02/12 18:41:25 INFO SparkEnv: Registering BlockManagerMaster
[2026-02-12T18:41:25.433+0000] {spark_submit.py:492} INFO - 26/02/12 18:41:25 INFO BlockManagerMasterEndpoint: Using org.apache.spark.storage.DefaultTopologyMapper for getting topology information
[2026-02-12T18:41:25.434+0000] {spark_submit.py:492} INFO - 26/02/12 18:41:25 INFO BlockManagerMasterEndpoint: BlockManagerMasterEndpoint up
[2026-02-12T18:41:25.445+0000] {spark_submit.py:492} INFO - 26/02/12 18:41:25 INFO SparkEnv: Registering BlockManagerMasterHeartbeat
[2026-02-12T18:41:25.497+0000] {spark_submit.py:492} INFO - 26/02/12 18:41:25 INFO DiskBlockManager: Created local directory at /tmp/blockmgr-4a29e7f2-6ced-48ee-8a0d-3d60d32145f1
[2026-02-12T18:41:25.527+0000] {spark_submit.py:492} INFO - 26/02/12 18:41:25 INFO MemoryStore: MemoryStore started with capacity 434.4 MiB
[2026-02-12T18:41:25.551+0000] {spark_submit.py:492} INFO - 26/02/12 18:41:25 INFO SparkEnv: Registering OutputCommitCoordinator
[2026-02-12T18:41:25.758+0000] {spark_submit.py:492} INFO - 26/02/12 18:41:25 INFO JettyUtils: Start Jetty 0.0.0.0:4040 for SparkUI
[2026-02-12T18:41:25.858+0000] {spark_submit.py:492} INFO - 26/02/12 18:41:25 INFO Utils: Successfully started service 'SparkUI' on port 4040.
[2026-02-12T18:41:26.017+0000] {spark_submit.py:492} INFO - 26/02/12 18:41:26 INFO Executor: Starting executor ID driver on host 649004db3ede
[2026-02-12T18:41:26.025+0000] {spark_submit.py:492} INFO - 26/02/12 18:41:26 INFO Executor: Starting executor with user classpath (userClassPathFirst = false): ''
[2026-02-12T18:41:26.053+0000] {spark_submit.py:492} INFO - 26/02/12 18:41:26 INFO Utils: Successfully started service 'org.apache.spark.network.netty.NettyBlockTransferService' on port 43015.
[2026-02-12T18:41:26.053+0000] {spark_submit.py:492} INFO - 26/02/12 18:41:26 INFO NettyBlockTransferService: Server created on 649004db3ede:43015
[2026-02-12T18:41:26.057+0000] {spark_submit.py:492} INFO - 26/02/12 18:41:26 INFO BlockManager: Using org.apache.spark.storage.RandomBlockReplicationPolicy for block replication policy
[2026-02-12T18:41:26.063+0000] {spark_submit.py:492} INFO - 26/02/12 18:41:26 INFO BlockManagerMaster: Registering BlockManager BlockManagerId(driver, 649004db3ede, 43015, None)
[2026-02-12T18:41:26.067+0000] {spark_submit.py:492} INFO - 26/02/12 18:41:26 INFO BlockManagerMasterEndpoint: Registering block manager 649004db3ede:43015 with 434.4 MiB RAM, BlockManagerId(driver, 649004db3ede, 43015, None)
[2026-02-12T18:41:26.069+0000] {spark_submit.py:492} INFO - 26/02/12 18:41:26 INFO BlockManagerMaster: Registered BlockManager BlockManagerId(driver, 649004db3ede, 43015, None)
[2026-02-12T18:41:26.071+0000] {spark_submit.py:492} INFO - 26/02/12 18:41:26 INFO BlockManager: Initialized BlockManager: BlockManagerId(driver, 649004db3ede, 43015, None)
[2026-02-12T18:41:26.620+0000] {spark_submit.py:492} INFO - 26/02/12 18:41:26 INFO SharedState: Setting hive.metastore.warehouse.dir ('null') to the value of spark.sql.warehouse.dir.
[2026-02-12T18:41:26.644+0000] {spark_submit.py:492} INFO - 26/02/12 18:41:26 INFO SharedState: Warehouse path is 'file:/opt/airflow/spark-warehouse'.
[2026-02-12T18:41:27.622+0000] {spark_submit.py:492} INFO - 26/02/12 18:41:27 INFO InMemoryFileIndex: It took 61 ms to list leaf files for 1 paths.
[2026-02-12T18:41:27.722+0000] {spark_submit.py:492} INFO - 26/02/12 18:41:27 INFO InMemoryFileIndex: It took 17 ms to list leaf files for 12 paths.
[2026-02-12T18:41:32.391+0000] {spark_submit.py:492} INFO - 26/02/12 18:41:32 INFO FileSourceStrategy: Pushed Filters:
[2026-02-12T18:41:32.404+0000] {spark_submit.py:492} INFO - 26/02/12 18:41:32 INFO FileSourceStrategy: Post-Scan Filters:
[2026-02-12T18:41:32.725+0000] {spark_submit.py:492} INFO - 26/02/12 18:41:32 INFO MemoryStore: Block broadcast_0 stored as values in memory (estimated size 199.2 KiB, free 434.2 MiB)
[2026-02-12T18:41:32.837+0000] {spark_submit.py:492} INFO - 26/02/12 18:41:32 INFO MemoryStore: Block broadcast_0_piece0 stored as bytes in memory (estimated size 34.2 KiB, free 434.2 MiB)
[2026-02-12T18:41:32.846+0000] {spark_submit.py:492} INFO - 26/02/12 18:41:32 INFO BlockManagerInfo: Added broadcast_0_piece0 in memory on 649004db3ede:43015 (size: 34.2 KiB, free: 434.4 MiB)
[2026-02-12T18:41:32.851+0000] {spark_submit.py:492} INFO - 26/02/12 18:41:32 INFO SparkContext: Created broadcast 0 from json at NativeMethodAccessorImpl.java:0
[2026-02-12T18:41:32.890+0000] {spark_submit.py:492} INFO - 26/02/12 18:41:32 INFO FileSourceScanExec: Planning scan with bin packing, max size: 4211515 bytes, open cost is considered as scanning 4194304 bytes.
[2026-02-12T18:41:33.157+0000] {spark_submit.py:492} INFO - 26/02/12 18:41:33 INFO SparkContext: Starting job: json at NativeMethodAccessorImpl.java:0
[2026-02-12T18:41:33.190+0000] {spark_submit.py:492} INFO - 26/02/12 18:41:33 INFO DAGScheduler: Got job 0 (json at NativeMethodAccessorImpl.java:0) with 1 output partitions
[2026-02-12T18:41:33.192+0000] {spark_submit.py:492} INFO - 26/02/12 18:41:33 INFO DAGScheduler: Final stage: ResultStage 0 (json at NativeMethodAccessorImpl.java:0)
[2026-02-12T18:41:33.192+0000] {spark_submit.py:492} INFO - 26/02/12 18:41:33 INFO DAGScheduler: Parents of final stage: List()
[2026-02-12T18:41:33.192+0000] {spark_submit.py:492} INFO - 26/02/12 18:41:33 INFO DAGScheduler: Missing parents: List()
[2026-02-12T18:41:33.205+0000] {spark_submit.py:492} INFO - 26/02/12 18:41:33 INFO DAGScheduler: Submitting ResultStage 0 (MapPartitionsRDD[3] at json at NativeMethodAccessorImpl.java:0), which has no missing parents
[2026-02-12T18:41:33.344+0000] {spark_submit.py:492} INFO - 26/02/12 18:41:33 INFO MemoryStore: Block broadcast_1 stored as values in memory (estimated size 15.0 KiB, free 434.2 MiB)
[2026-02-12T18:41:33.351+0000] {spark_submit.py:492} INFO - 26/02/12 18:41:33 INFO MemoryStore: Block broadcast_1_piece0 stored as bytes in memory (estimated size 7.2 KiB, free 434.2 MiB)
[2026-02-12T18:41:33.353+0000] {spark_submit.py:492} INFO - 26/02/12 18:41:33 INFO BlockManagerInfo: Added broadcast_1_piece0 in memory on 649004db3ede:43015 (size: 7.2 KiB, free: 434.4 MiB)
[2026-02-12T18:41:33.354+0000] {spark_submit.py:492} INFO - 26/02/12 18:41:33 INFO SparkContext: Created broadcast 1 from broadcast at DAGScheduler.scala:1535
[2026-02-12T18:41:33.373+0000] {spark_submit.py:492} INFO - 26/02/12 18:41:33 INFO DAGScheduler: Submitting 1 missing tasks from ResultStage 0 (MapPartitionsRDD[3] at json at NativeMethodAccessorImpl.java:0) (first 15 tasks are for partitions Vector(0))
[2026-02-12T18:41:33.374+0000] {spark_submit.py:492} INFO - 26/02/12 18:41:33 INFO TaskSchedulerImpl: Adding task set 0.0 with 1 tasks resource profile 0
[2026-02-12T18:41:33.429+0000] {spark_submit.py:492} INFO - 26/02/12 18:41:33 INFO TaskSetManager: Starting task 0.0 in stage 0.0 (TID 0) (649004db3ede, executor driver, partition 0, PROCESS_LOCAL, 7942 bytes)
[2026-02-12T18:41:33.449+0000] {spark_submit.py:492} INFO - 26/02/12 18:41:33 INFO Executor: Running task 0.0 in stage 0.0 (TID 0)
[2026-02-12T18:41:33.625+0000] {spark_submit.py:492} INFO - 26/02/12 18:41:33 INFO FileScanRDD: Reading File path: file:///opt/data_lake/twitter_posts_raw/tweets_2026-02-12.json, range: 0-17211, partition values: [empty row]
[2026-02-12T18:41:33.945+0000] {spark_submit.py:492} INFO - 26/02/12 18:41:33 INFO CodeGenerator: Code generated in 269.372436 ms
[2026-02-12T18:41:34.070+0000] {spark_submit.py:492} INFO - 26/02/12 18:41:34 INFO Executor: Finished task 0.0 in stage 0.0 (TID 0). 2649 bytes result sent to driver
[2026-02-12T18:41:34.085+0000] {spark_submit.py:492} INFO - 26/02/12 18:41:34 INFO TaskSetManager: Finished task 0.0 in stage 0.0 (TID 0) in 666 ms on 649004db3ede (executor driver) (1/1)
[2026-02-12T18:41:34.089+0000] {spark_submit.py:492} INFO - 26/02/12 18:41:34 INFO TaskSchedulerImpl: Removed TaskSet 0.0, whose tasks have all completed, from pool
[2026-02-12T18:41:34.095+0000] {spark_submit.py:492} INFO - 26/02/12 18:41:34 INFO DAGScheduler: ResultStage 0 (json at NativeMethodAccessorImpl.java:0) finished in 0.870 s
[2026-02-12T18:41:34.100+0000] {spark_submit.py:492} INFO - 26/02/12 18:41:34 INFO DAGScheduler: Job 0 is finished. Cancelling potential speculative or zombie tasks for this job
[2026-02-12T18:41:34.100+0000] {spark_submit.py:492} INFO - 26/02/12 18:41:34 INFO TaskSchedulerImpl: Killing all running tasks in stage 0: Stage finished
[2026-02-12T18:41:34.102+0000] {spark_submit.py:492} INFO - 26/02/12 18:41:34 INFO DAGScheduler: Job 0 finished: json at NativeMethodAccessorImpl.java:0, took 0.943779 s
[2026-02-12T18:41:34.637+0000] {spark_submit.py:492} INFO - 26/02/12 18:41:34 INFO FileSourceStrategy: Pushed Filters:
[2026-02-12T18:41:34.637+0000] {spark_submit.py:492} INFO - 26/02/12 18:41:34 INFO FileSourceStrategy: Post-Scan Filters:
[2026-02-12T18:41:34.719+0000] {spark_submit.py:492} INFO - 26/02/12 18:41:34 INFO ParquetUtils: Using default output committer for Parquet: org.apache.parquet.hadoop.ParquetOutputCommitter
[2026-02-12T18:41:34.741+0000] {spark_submit.py:492} INFO - 26/02/12 18:41:34 INFO FileOutputCommitter: File Output Committer Algorithm version is 1
[2026-02-12T18:41:34.741+0000] {spark_submit.py:492} INFO - 26/02/12 18:41:34 INFO FileOutputCommitter: FileOutputCommitter skip cleanup _temporary folders under output directory:false, ignore cleanup failures: false
[2026-02-12T18:41:34.743+0000] {spark_submit.py:492} INFO - 26/02/12 18:41:34 INFO SQLHadoopMapReduceCommitProtocol: Using user defined output committer class org.apache.parquet.hadoop.ParquetOutputCommitter
[2026-02-12T18:41:34.743+0000] {spark_submit.py:492} INFO - 26/02/12 18:41:34 INFO FileOutputCommitter: File Output Committer Algorithm version is 1
[2026-02-12T18:41:34.743+0000] {spark_submit.py:492} INFO - 26/02/12 18:41:34 INFO FileOutputCommitter: FileOutputCommitter skip cleanup _temporary folders under output directory:false, ignore cleanup failures: false
[2026-02-12T18:41:34.743+0000] {spark_submit.py:492} INFO - 26/02/12 18:41:34 INFO SQLHadoopMapReduceCommitProtocol: Using output committer class org.apache.parquet.hadoop.ParquetOutputCommitter
[2026-02-12T18:41:34.906+0000] {spark_submit.py:492} INFO - 26/02/12 18:41:34 INFO CodeGenerator: Code generated in 70.110385 ms
[2026-02-12T18:41:34.916+0000] {spark_submit.py:492} INFO - 26/02/12 18:41:34 INFO MemoryStore: Block broadcast_2 stored as values in memory (estimated size 199.1 KiB, free 434.0 MiB)
[2026-02-12T18:41:34.936+0000] {spark_submit.py:492} INFO - 26/02/12 18:41:34 INFO MemoryStore: Block broadcast_2_piece0 stored as bytes in memory (estimated size 34.1 KiB, free 433.9 MiB)
[2026-02-12T18:41:34.938+0000] {spark_submit.py:492} INFO - 26/02/12 18:41:34 INFO BlockManagerInfo: Added broadcast_2_piece0 in memory on 649004db3ede:43015 (size: 34.1 KiB, free: 434.3 MiB)
[2026-02-12T18:41:34.939+0000] {spark_submit.py:492} INFO - 26/02/12 18:41:34 INFO SparkContext: Created broadcast 2 from parquet at NativeMethodAccessorImpl.java:0
[2026-02-12T18:41:34.950+0000] {spark_submit.py:492} INFO - 26/02/12 18:41:34 INFO FileSourceScanExec: Planning scan with bin packing, max size: 4211515 bytes, open cost is considered as scanning 4194304 bytes.
[2026-02-12T18:41:35.037+0000] {spark_submit.py:492} INFO - 26/02/12 18:41:35 INFO SparkContext: Starting job: parquet at NativeMethodAccessorImpl.java:0
[2026-02-12T18:41:35.038+0000] {spark_submit.py:492} INFO - 26/02/12 18:41:35 INFO DAGScheduler: Got job 1 (parquet at NativeMethodAccessorImpl.java:0) with 1 output partitions
[2026-02-12T18:41:35.039+0000] {spark_submit.py:492} INFO - 26/02/12 18:41:35 INFO DAGScheduler: Final stage: ResultStage 1 (parquet at NativeMethodAccessorImpl.java:0)
[2026-02-12T18:41:35.039+0000] {spark_submit.py:492} INFO - 26/02/12 18:41:35 INFO DAGScheduler: Parents of final stage: List()
[2026-02-12T18:41:35.039+0000] {spark_submit.py:492} INFO - 26/02/12 18:41:35 INFO DAGScheduler: Missing parents: List()
[2026-02-12T18:41:35.039+0000] {spark_submit.py:492} INFO - 26/02/12 18:41:35 INFO DAGScheduler: Submitting ResultStage 1 (MapPartitionsRDD[7] at parquet at NativeMethodAccessorImpl.java:0), which has no missing parents
[2026-02-12T18:41:35.077+0000] {spark_submit.py:492} INFO - 26/02/12 18:41:35 INFO MemoryStore: Block broadcast_3 stored as values in memory (estimated size 236.4 KiB, free 433.7 MiB)
[2026-02-12T18:41:35.101+0000] {spark_submit.py:492} INFO - 26/02/12 18:41:35 INFO MemoryStore: Block broadcast_3_piece0 stored as bytes in memory (estimated size 86.4 KiB, free 433.6 MiB)
[2026-02-12T18:41:35.101+0000] {spark_submit.py:492} INFO - 26/02/12 18:41:35 INFO BlockManagerInfo: Added broadcast_3_piece0 in memory on 649004db3ede:43015 (size: 86.4 KiB, free: 434.2 MiB)
[2026-02-12T18:41:35.102+0000] {spark_submit.py:492} INFO - 26/02/12 18:41:35 INFO SparkContext: Created broadcast 3 from broadcast at DAGScheduler.scala:1535
[2026-02-12T18:41:35.104+0000] {spark_submit.py:492} INFO - 26/02/12 18:41:35 INFO DAGScheduler: Submitting 1 missing tasks from ResultStage 1 (MapPartitionsRDD[7] at parquet at NativeMethodAccessorImpl.java:0) (first 15 tasks are for partitions Vector(0))
[2026-02-12T18:41:35.104+0000] {spark_submit.py:492} INFO - 26/02/12 18:41:35 INFO TaskSchedulerImpl: Adding task set 1.0 with 1 tasks resource profile 0
[2026-02-12T18:41:35.106+0000] {spark_submit.py:492} INFO - 26/02/12 18:41:35 INFO TaskSetManager: Starting task 0.0 in stage 1.0 (TID 1) (649004db3ede, executor driver, partition 0, PROCESS_LOCAL, 7942 bytes)
[2026-02-12T18:41:35.109+0000] {spark_submit.py:492} INFO - 26/02/12 18:41:35 INFO Executor: Running task 0.0 in stage 1.0 (TID 1)
[2026-02-12T18:41:35.243+0000] {spark_submit.py:492} INFO - 26/02/12 18:41:35 INFO CodeGenerator: Code generated in 28.413203 ms
[2026-02-12T18:41:35.286+0000] {spark_submit.py:492} INFO - 26/02/12 18:41:35 INFO CodeGenerator: Code generated in 28.73045 ms
[2026-02-12T18:41:35.341+0000] {spark_submit.py:492} INFO - 26/02/12 18:41:35 INFO FileOutputCommitter: File Output Committer Algorithm version is 1
[2026-02-12T18:41:35.341+0000] {spark_submit.py:492} INFO - 26/02/12 18:41:35 INFO FileOutputCommitter: FileOutputCommitter skip cleanup _temporary folders under output directory:false, ignore cleanup failures: false
[2026-02-12T18:41:35.342+0000] {spark_submit.py:492} INFO - 26/02/12 18:41:35 INFO SQLHadoopMapReduceCommitProtocol: Using user defined output committer class org.apache.parquet.hadoop.ParquetOutputCommitter
[2026-02-12T18:41:35.342+0000] {spark_submit.py:492} INFO - 26/02/12 18:41:35 INFO FileOutputCommitter: File Output Committer Algorithm version is 1
[2026-02-12T18:41:35.342+0000] {spark_submit.py:492} INFO - 26/02/12 18:41:35 INFO FileOutputCommitter: FileOutputCommitter skip cleanup _temporary folders under output directory:false, ignore cleanup failures: false
[2026-02-12T18:41:35.342+0000] {spark_submit.py:492} INFO - 26/02/12 18:41:35 INFO SQLHadoopMapReduceCommitProtocol: Using output committer class org.apache.parquet.hadoop.ParquetOutputCommitter
[2026-02-12T18:41:35.408+0000] {spark_submit.py:492} INFO - 26/02/12 18:41:35 INFO CodeGenerator: Code generated in 36.224629 ms
[2026-02-12T18:41:35.414+0000] {spark_submit.py:492} INFO - 26/02/12 18:41:35 INFO FileScanRDD: Reading File path: file:///opt/data_lake/twitter_posts_raw/tweets_2026-02-12.json, range: 0-17211, partition values: [empty row]
[2026-02-12T18:41:35.470+0000] {spark_submit.py:492} INFO - 26/02/12 18:41:35 INFO CodeGenerator: Code generated in 41.412372 ms
[2026-02-12T18:41:35.591+0000] {spark_submit.py:492} INFO - 26/02/12 18:41:35 INFO CodeGenerator: Code generated in 30.545361 ms
[2026-02-12T18:41:35.661+0000] {spark_submit.py:492} INFO - 26/02/12 18:41:35 INFO CodeGenerator: Code generated in 32.338796 ms
[2026-02-12T18:41:35.671+0000] {spark_submit.py:492} INFO - 26/02/12 18:41:35 INFO CodecConfig: Compression: SNAPPY
[2026-02-12T18:41:35.676+0000] {spark_submit.py:492} INFO - 26/02/12 18:41:35 INFO CodecConfig: Compression: SNAPPY
[2026-02-12T18:41:35.696+0000] {spark_submit.py:492} INFO - 26/02/12 18:41:35 INFO ParquetOutputFormat: ParquetRecordWriter [block size: 134217728b, row group padding size: 8388608b, validating: false]
[2026-02-12T18:41:35.730+0000] {spark_submit.py:492} INFO - 26/02/12 18:41:35 INFO ParquetWriteSupport: Initialized Parquet WriteSupport with Catalyst schema:
[2026-02-12T18:41:35.730+0000] {spark_submit.py:492} INFO - {
[2026-02-12T18:41:35.730+0000] {spark_submit.py:492} INFO - "type" : "struct",
[2026-02-12T18:41:35.731+0000] {spark_submit.py:492} INFO - "fields" : [ {
[2026-02-12T18:41:35.731+0000] {spark_submit.py:492} INFO - "name" : "user_id",
[2026-02-12T18:41:35.731+0000] {spark_submit.py:492} INFO - "type" : "string",
[2026-02-12T18:41:35.731+0000] {spark_submit.py:492} INFO - "nullable" : true,
[2026-02-12T18:41:35.731+0000] {spark_submit.py:492} INFO - "metadata" : { }
[2026-02-12T18:41:35.731+0000] {spark_submit.py:492} INFO - }, {
[2026-02-12T18:41:35.732+0000] {spark_submit.py:492} INFO - "name" : "thread_id",
[2026-02-12T18:41:35.732+0000] {spark_submit.py:492} INFO - "type" : "string",
[2026-02-12T18:41:35.732+0000] {spark_submit.py:492} INFO - "nullable" : true,
[2026-02-12T18:41:35.732+0000] {spark_submit.py:492} INFO - "metadata" : { }
[2026-02-12T18:41:35.732+0000] {spark_submit.py:492} INFO - }, {
[2026-02-12T18:41:35.732+0000] {spark_submit.py:492} INFO - "name" : "created_at",
[2026-02-12T18:41:35.733+0000] {spark_submit.py:492} INFO - "type" : "string",
[2026-02-12T18:41:35.733+0000] {spark_submit.py:492} INFO - "nullable" : true,
[2026-02-12T18:41:35.733+0000] {spark_submit.py:492} INFO - "metadata" : { }
[2026-02-12T18:41:35.733+0000] {spark_submit.py:492} INFO - }, {
[2026-02-12T18:41:35.733+0000] {spark_submit.py:492} INFO - "name" : "edit_versions_ids",
[2026-02-12T18:41:35.733+0000] {spark_submit.py:492} INFO - "type" : {
[2026-02-12T18:41:35.734+0000] {spark_submit.py:492} INFO - "type" : "array",
[2026-02-12T18:41:35.734+0000] {spark_submit.py:492} INFO - "elementType" : "long",
[2026-02-12T18:41:35.734+0000] {spark_submit.py:492} INFO - "containsNull" : true
[2026-02-12T18:41:35.734+0000] {spark_submit.py:492} INFO - },
[2026-02-12T18:41:35.734+0000] {spark_submit.py:492} INFO - "nullable" : true,
[2026-02-12T18:41:35.734+0000] {spark_submit.py:492} INFO - "metadata" : { }
[2026-02-12T18:41:35.735+0000] {spark_submit.py:492} INFO - }, {
[2026-02-12T18:41:35.735+0000] {spark_submit.py:492} INFO - "name" : "tweet_id",
[2026-02-12T18:41:35.735+0000] {spark_submit.py:492} INFO - "type" : "string",
[2026-02-12T18:41:35.735+0000] {spark_submit.py:492} INFO - "nullable" : true,
[2026-02-12T18:41:35.735+0000] {spark_submit.py:492} INFO - "metadata" : { }
[2026-02-12T18:41:35.735+0000] {spark_submit.py:492} INFO - }, {
[2026-02-12T18:41:35.736+0000] {spark_submit.py:492} INFO - "name" : "reply_to_user_id",
[2026-02-12T18:41:35.736+0000] {spark_submit.py:492} INFO - "type" : "string",
[2026-02-12T18:41:35.736+0000] {spark_submit.py:492} INFO - "nullable" : true,
[2026-02-12T18:41:35.736+0000] {spark_submit.py:492} INFO - "metadata" : { }
[2026-02-12T18:41:35.736+0000] {spark_submit.py:492} INFO - }, {
[2026-02-12T18:41:35.736+0000] {spark_submit.py:492} INFO - "name" : "language",
[2026-02-12T18:41:35.737+0000] {spark_submit.py:492} INFO - "type" : "string",
[2026-02-12T18:41:35.737+0000] {spark_submit.py:492} INFO - "nullable" : true,
[2026-02-12T18:41:35.737+0000] {spark_submit.py:492} INFO - "metadata" : { }
[2026-02-12T18:41:35.737+0000] {spark_submit.py:492} INFO - }, {
[2026-02-12T18:41:35.737+0000] {spark_submit.py:492} INFO - "name" : "tweet_text",
[2026-02-12T18:41:35.737+0000] {spark_submit.py:492} INFO - "type" : "string",
[2026-02-12T18:41:35.738+0000] {spark_submit.py:492} INFO - "nullable" : true,
[2026-02-12T18:41:35.738+0000] {spark_submit.py:492} INFO - "metadata" : { }
[2026-02-12T18:41:35.738+0000] {spark_submit.py:492} INFO - }, {
[2026-02-12T18:41:35.738+0000] {spark_submit.py:492} INFO - "name" : "likes",
[2026-02-12T18:41:35.738+0000] {spark_submit.py:492} INFO - "type" : "long",
[2026-02-12T18:41:35.739+0000] {spark_submit.py:492} INFO - "nullable" : true,
[2026-02-12T18:41:35.739+0000] {spark_submit.py:492} INFO - "metadata" : { }
[2026-02-12T18:41:35.739+0000] {spark_submit.py:492} INFO - }, {
[2026-02-12T18:41:35.739+0000] {spark_submit.py:492} INFO - "name" : "quotes",
[2026-02-12T18:41:35.739+0000] {spark_submit.py:492} INFO - "type" : "long",
[2026-02-12T18:41:35.739+0000] {spark_submit.py:492} INFO - "nullable" : true,
[2026-02-12T18:41:35.740+0000] {spark_submit.py:492} INFO - "metadata" : { }
[2026-02-12T18:41:35.740+0000] {spark_submit.py:492} INFO - }, {
[2026-02-12T18:41:35.740+0000] {spark_submit.py:492} INFO - "name" : "replies",
[2026-02-12T18:41:35.741+0000] {spark_submit.py:492} INFO - "type" : "long",
[2026-02-12T18:41:35.741+0000] {spark_submit.py:492} INFO - "nullable" : true,
[2026-02-12T18:41:35.741+0000] {spark_submit.py:492} INFO - "metadata" : { }
[2026-02-12T18:41:35.741+0000] {spark_submit.py:492} INFO - }, {
[2026-02-12T18:41:35.742+0000] {spark_submit.py:492} INFO - "name" : "retweets",
[2026-02-12T18:41:35.742+0000] {spark_submit.py:492} INFO - "type" : "long",
[2026-02-12T18:41:35.742+0000] {spark_submit.py:492} INFO - "nullable" : true,
[2026-02-12T18:41:35.742+0000] {spark_submit.py:492} INFO - "metadata" : { }
[2026-02-12T18:41:35.743+0000] {spark_submit.py:492} INFO - }, {
[2026-02-12T18:41:35.743+0000] {spark_submit.py:492} INFO - "name" : "processing_date",
[2026-02-12T18:41:35.743+0000] {spark_submit.py:492} INFO - "type" : "date",
[2026-02-12T18:41:35.743+0000] {spark_submit.py:492} INFO - "nullable" : false,
[2026-02-12T18:41:35.743+0000] {spark_submit.py:492} INFO - "metadata" : { }
[2026-02-12T18:41:35.744+0000] {spark_submit.py:492} INFO - } ]
[2026-02-12T18:41:35.744+0000] {spark_submit.py:492} INFO - }
[2026-02-12T18:41:35.744+0000] {spark_submit.py:492} INFO - and corresponding Parquet message type:
[2026-02-12T18:41:35.745+0000] {spark_submit.py:492} INFO - message spark_schema {
[2026-02-12T18:41:35.745+0000] {spark_submit.py:492} INFO - optional binary user_id (STRING);
[2026-02-12T18:41:35.746+0000] {spark_submit.py:492} INFO - optional binary thread_id (STRING);
[2026-02-12T18:41:35.746+0000] {spark_submit.py:492} INFO - optional binary created_at (STRING);
[2026-02-12T18:41:35.746+0000] {spark_submit.py:492} INFO - optional group edit_versions_ids (LIST) {
[2026-02-12T18:41:35.746+0000] {spark_submit.py:492} INFO - repeated group list {
[2026-02-12T18:41:35.747+0000] {spark_submit.py:492} INFO - optional int64 element;
[2026-02-12T18:41:35.747+0000] {spark_submit.py:492} INFO - }
[2026-02-12T18:41:35.747+0000] {spark_submit.py:492} INFO - }
[2026-02-12T18:41:35.748+0000] {spark_submit.py:492} INFO - optional binary tweet_id (STRING);
[2026-02-12T18:41:35.748+0000] {spark_submit.py:492} INFO - optional binary reply_to_user_id (STRING);
[2026-02-12T18:41:35.748+0000] {spark_submit.py:492} INFO - optional binary language (STRING);
[2026-02-12T18:41:35.749+0000] {spark_submit.py:492} INFO - optional binary tweet_text (STRING);
[2026-02-12T18:41:35.749+0000] {spark_submit.py:492} INFO - optional int64 likes;
[2026-02-12T18:41:35.749+0000] {spark_submit.py:492} INFO - optional int64 quotes;
[2026-02-12T18:41:35.749+0000] {spark_submit.py:492} INFO - optional int64 replies;
[2026-02-12T18:41:35.749+0000] {spark_submit.py:492} INFO - optional int64 retweets;
[2026-02-12T18:41:35.749+0000] {spark_submit.py:492} INFO - required int32 processing_date (DATE);
[2026-02-12T18:41:35.750+0000] {spark_submit.py:492} INFO - }
[2026-02-12T18:41:35.750+0000] {spark_submit.py:492} INFO - 
[2026-02-12T18:41:35.753+0000] {spark_submit.py:492} INFO - 
[2026-02-12T18:41:35.822+0000] {spark_submit.py:492} INFO - 26/02/12 18:41:35 INFO CodecPool: Got brand-new compressor [.snappy]
[2026-02-12T18:41:35.912+0000] {spark_submit.py:492} INFO - 26/02/12 18:41:35 INFO BlockManagerInfo: Removed broadcast_1_piece0 on 649004db3ede:43015 in memory (size: 7.2 KiB, free: 434.2 MiB)
[2026-02-12T18:41:35.934+0000] {spark_submit.py:492} INFO - 26/02/12 18:41:35 INFO BlockManagerInfo: Removed broadcast_0_piece0 on 649004db3ede:43015 in memory (size: 34.2 KiB, free: 434.3 MiB)
[2026-02-12T18:41:36.478+0000] {spark_submit.py:492} INFO - 26/02/12 18:41:36 INFO FileOutputCommitter: Saved output of task 'attempt_202602121841357512967043852646308_0001_m_000000_1' to file:/opt/airflow/data/silver/_temporary/0/task_202602121841357512967043852646308_0001_m_000000
[2026-02-12T18:41:36.482+0000] {spark_submit.py:492} INFO - 26/02/12 18:41:36 INFO SparkHadoopMapRedUtil: attempt_202602121841357512967043852646308_0001_m_000000_1: Committed. Elapsed time: 1 ms.
[2026-02-12T18:41:36.507+0000] {spark_submit.py:492} INFO - 26/02/12 18:41:36 INFO Executor: Finished task 0.0 in stage 1.0 (TID 1). 3338 bytes result sent to driver
[2026-02-12T18:41:36.515+0000] {spark_submit.py:492} INFO - 26/02/12 18:41:36 INFO TaskSetManager: Finished task 0.0 in stage 1.0 (TID 1) in 1408 ms on 649004db3ede (executor driver) (1/1)
[2026-02-12T18:41:36.521+0000] {spark_submit.py:492} INFO - 26/02/12 18:41:36 INFO TaskSchedulerImpl: Removed TaskSet 1.0, whose tasks have all completed, from pool
[2026-02-12T18:41:36.523+0000] {spark_submit.py:492} INFO - 26/02/12 18:41:36 INFO DAGScheduler: ResultStage 1 (parquet at NativeMethodAccessorImpl.java:0) finished in 1.481 s
[2026-02-12T18:41:36.523+0000] {spark_submit.py:492} INFO - 26/02/12 18:41:36 INFO DAGScheduler: Job 1 is finished. Cancelling potential speculative or zombie tasks for this job
[2026-02-12T18:41:36.523+0000] {spark_submit.py:492} INFO - 26/02/12 18:41:36 INFO TaskSchedulerImpl: Killing all running tasks in stage 1: Stage finished
[2026-02-12T18:41:36.550+0000] {spark_submit.py:492} INFO - 26/02/12 18:41:36 INFO DAGScheduler: Job 1 finished: parquet at NativeMethodAccessorImpl.java:0, took 1.501563 s
[2026-02-12T18:41:36.551+0000] {spark_submit.py:492} INFO - 26/02/12 18:41:36 INFO FileFormatWriter: Start to commit write Job 293f5f2e-0189-4a7b-b6d1-5c7cbf4ae870.
[2026-02-12T18:41:36.586+0000] {spark_submit.py:492} INFO - 26/02/12 18:41:36 INFO FileFormatWriter: Write Job 293f5f2e-0189-4a7b-b6d1-5c7cbf4ae870 committed. Elapsed time: 43 ms.
[2026-02-12T18:41:36.590+0000] {spark_submit.py:492} INFO - 26/02/12 18:41:36 INFO FileFormatWriter: Finished processing stats for write job 293f5f2e-0189-4a7b-b6d1-5c7cbf4ae870.
[2026-02-12T18:41:36.661+0000] {spark_submit.py:492} INFO - 26/02/12 18:41:36 INFO SparkContext: Invoking stop() from shutdown hook
[2026-02-12T18:41:36.662+0000] {spark_submit.py:492} INFO - 26/02/12 18:41:36 INFO SparkContext: SparkContext is stopping with exitCode 0.
[2026-02-12T18:41:36.677+0000] {spark_submit.py:492} INFO - 26/02/12 18:41:36 INFO SparkUI: Stopped Spark web UI at http://649004db3ede:4040
[2026-02-12T18:41:36.690+0000] {spark_submit.py:492} INFO - 26/02/12 18:41:36 INFO MapOutputTrackerMasterEndpoint: MapOutputTrackerMasterEndpoint stopped!
[2026-02-12T18:41:36.707+0000] {spark_submit.py:492} INFO - 26/02/12 18:41:36 INFO MemoryStore: MemoryStore cleared
[2026-02-12T18:41:36.708+0000] {spark_submit.py:492} INFO - 26/02/12 18:41:36 INFO BlockManager: BlockManager stopped
[2026-02-12T18:41:36.711+0000] {spark_submit.py:492} INFO - 26/02/12 18:41:36 INFO BlockManagerMaster: BlockManagerMaster stopped
[2026-02-12T18:41:36.713+0000] {spark_submit.py:492} INFO - 26/02/12 18:41:36 INFO OutputCommitCoordinator$OutputCommitCoordinatorEndpoint: OutputCommitCoordinator stopped!
[2026-02-12T18:41:36.725+0000] {spark_submit.py:492} INFO - 26/02/12 18:41:36 INFO SparkContext: Successfully stopped SparkContext
[2026-02-12T18:41:36.726+0000] {spark_submit.py:492} INFO - 26/02/12 18:41:36 INFO ShutdownHookManager: Shutdown hook called
[2026-02-12T18:41:36.726+0000] {spark_submit.py:492} INFO - 26/02/12 18:41:36 INFO ShutdownHookManager: Deleting directory /tmp/spark-25ed09d9-6929-4ae2-a45d-80b3562aaef7/pyspark-d1ed5e52-3407-47fe-961f-ba5580d23dc7
[2026-02-12T18:41:36.736+0000] {spark_submit.py:492} INFO - 26/02/12 18:41:36 INFO ShutdownHookManager: Deleting directory /tmp/spark-25ed09d9-6929-4ae2-a45d-80b3562aaef7
[2026-02-12T18:41:36.744+0000] {spark_submit.py:492} INFO - 26/02/12 18:41:36 INFO ShutdownHookManager: Deleting directory /tmp/spark-a9875fa5-8f59-4f00-ba36-cbf91606cebb
[2026-02-12T18:41:36.868+0000] {taskinstance.py:441} INFO - ::group::Post task execution logs
[2026-02-12T18:41:36.888+0000] {taskinstance.py:1206} INFO - Marking task as SUCCESS. dag_id=twitter_pipeline_2, task_id=transform_twitter_datascience, run_id=manual__2026-02-12T18:41:16.780751+00:00, execution_date=20260212T184116, start_date=20260212T184119, end_date=20260212T184136
[2026-02-12T18:41:36.921+0000] {local_task_job_runner.py:243} INFO - Task exited with return code 0
[2026-02-12T18:41:36.949+0000] {taskinstance.py:3503} INFO - 0 downstream tasks scheduled from follow-on schedule check
[2026-02-12T18:41:36.952+0000] {local_task_job_runner.py:222} INFO - ::endgroup::
