[2026-02-12T18:26:45.266+0000] {local_task_job_runner.py:120} INFO - ::group::Pre task execution logs
[2026-02-12T18:26:45.293+0000] {taskinstance.py:2076} INFO - Dependencies all met for dep_context=non-requeueable deps ti=<TaskInstance: twitter_pipeline_2.extrair_tweets scheduled__2026-02-06T00:00:00+00:00 [queued]>
[2026-02-12T18:26:45.303+0000] {taskinstance.py:2076} INFO - Dependencies all met for dep_context=requeueable deps ti=<TaskInstance: twitter_pipeline_2.extrair_tweets scheduled__2026-02-06T00:00:00+00:00 [queued]>
[2026-02-12T18:26:45.304+0000] {taskinstance.py:2306} INFO - Starting attempt 1 of 1
[2026-02-12T18:26:45.319+0000] {taskinstance.py:2330} INFO - Executing <Task(TwitterOperator): extrair_tweets> on 2026-02-06 00:00:00+00:00
[2026-02-12T18:26:45.334+0000] {standard_task_runner.py:64} INFO - Started process 209 to run task
[2026-02-12T18:26:45.340+0000] {standard_task_runner.py:90} INFO - Running: ['airflow', 'tasks', 'run', 'twitter_pipeline_2', 'extrair_tweets', 'scheduled__2026-02-06T00:00:00+00:00', '--job-id', '11', '--raw', '--subdir', 'DAGS_FOLDER/dag2.py', '--cfg-path', '/tmp/tmpkix1otgl']
[2026-02-12T18:26:45.345+0000] {standard_task_runner.py:91} INFO - Job 11: Subtask extrair_tweets
[2026-02-12T18:26:45.446+0000] {task_command.py:426} INFO - Running <TaskInstance: twitter_pipeline_2.extrair_tweets scheduled__2026-02-06T00:00:00+00:00 [running]> on host 649004db3ede
[2026-02-12T18:26:45.601+0000] {taskinstance.py:2648} INFO - Exporting env vars: AIRFLOW_CTX_DAG_OWNER='airflow' AIRFLOW_CTX_DAG_ID='twitter_pipeline_2' AIRFLOW_CTX_TASK_ID='extrair_tweets' AIRFLOW_CTX_EXECUTION_DATE='2026-02-06T00:00:00+00:00' AIRFLOW_CTX_TRY_NUMBER='1' AIRFLOW_CTX_DAG_RUN_ID='scheduled__2026-02-06T00:00:00+00:00'
[2026-02-12T18:26:45.602+0000] {taskinstance.py:430} INFO - ::endgroup::
[2026-02-12T18:26:45.617+0000] {taskinstance.py:441} INFO - ::group::Post task execution logs
[2026-02-12T18:26:45.633+0000] {taskinstance.py:2905} ERROR - Task failed with exception
Traceback (most recent call last):
  File "/home/airflow/.local/lib/python3.10/site-packages/airflow/models/taskinstance.py", line 465, in _execute_task
    result = _execute_callable(context=context, **execute_callable_kwargs)
  File "/home/airflow/.local/lib/python3.10/site-packages/airflow/models/taskinstance.py", line 432, in _execute_callable
    return execute_callable(context=context, **execute_callable_kwargs)
  File "/home/airflow/.local/lib/python3.10/site-packages/airflow/models/baseoperator.py", line 401, in wrapper
    return func(self, *args, **kwargs)
  File "/opt/airflow/operators/twitteroperator.py", line 34, in execute
    for page in hook.run():
  File "/opt/airflow/hook/twitterhook.py", line 55, in run
    session = self.get_conn()
  File "/home/airflow/.local/lib/python3.10/site-packages/airflow/providers/http/hooks/http.py", line 108, in get_conn
    conn = self.get_connection(self.http_conn_id)
  File "/home/airflow/.local/lib/python3.10/site-packages/airflow/hooks/base.py", line 83, in get_connection
    conn = Connection.get_connection_from_secrets(conn_id)
  File "/home/airflow/.local/lib/python3.10/site-packages/airflow/models/connection.py", line 519, in get_connection_from_secrets
    raise AirflowNotFoundException(f"The conn_id `{conn_id}` isn't defined")
airflow.exceptions.AirflowNotFoundException: The conn_id `twitter_default` isn't defined
[2026-02-12T18:26:45.639+0000] {taskinstance.py:1206} INFO - Marking task as FAILED. dag_id=twitter_pipeline_2, task_id=extrair_tweets, run_id=scheduled__2026-02-06T00:00:00+00:00, execution_date=20260206T000000, start_date=20260212T182645, end_date=20260212T182645
[2026-02-12T18:26:45.657+0000] {standard_task_runner.py:110} ERROR - Failed to execute job 11 for task extrair_tweets (The conn_id `twitter_default` isn't defined; 209)
[2026-02-12T18:26:45.675+0000] {local_task_job_runner.py:243} INFO - Task exited with return code 1
[2026-02-12T18:26:45.718+0000] {taskinstance.py:3503} INFO - 0 downstream tasks scheduled from follow-on schedule check
[2026-02-12T18:26:45.724+0000] {local_task_job_runner.py:222} INFO - ::endgroup::
[2026-02-12T20:33:55.386+0000] {local_task_job_runner.py:120} INFO - ::group::Pre task execution logs
[2026-02-12T20:33:55.399+0000] {taskinstance.py:2076} INFO - Dependencies all met for dep_context=non-requeueable deps ti=<TaskInstance: twitter_pipeline_2.extrair_tweets scheduled__2026-02-06T00:00:00+00:00 [queued]>
[2026-02-12T20:33:55.403+0000] {taskinstance.py:2076} INFO - Dependencies all met for dep_context=requeueable deps ti=<TaskInstance: twitter_pipeline_2.extrair_tweets scheduled__2026-02-06T00:00:00+00:00 [queued]>
[2026-02-12T20:33:55.404+0000] {taskinstance.py:2306} INFO - Starting attempt 1 of 1
[2026-02-12T20:33:55.411+0000] {taskinstance.py:2330} INFO - Executing <Task(TwitterOperator): extrair_tweets> on 2026-02-06 00:00:00+00:00
[2026-02-12T20:33:55.416+0000] {standard_task_runner.py:64} INFO - Started process 1898 to run task
[2026-02-12T20:33:55.419+0000] {standard_task_runner.py:90} INFO - Running: ['airflow', 'tasks', 'run', 'twitter_pipeline_2', 'extrair_tweets', 'scheduled__2026-02-06T00:00:00+00:00', '--job-id', '81', '--raw', '--subdir', 'DAGS_FOLDER/dag2.py', '--cfg-path', '/tmp/tmp_31xo8s_']
[2026-02-12T20:33:55.421+0000] {standard_task_runner.py:91} INFO - Job 81: Subtask extrair_tweets
[2026-02-12T20:33:55.458+0000] {task_command.py:426} INFO - Running <TaskInstance: twitter_pipeline_2.extrair_tweets scheduled__2026-02-06T00:00:00+00:00 [running]> on host 649004db3ede
[2026-02-12T20:33:55.524+0000] {taskinstance.py:2648} INFO - Exporting env vars: AIRFLOW_CTX_DAG_OWNER='airflow' AIRFLOW_CTX_DAG_ID='twitter_pipeline_2' AIRFLOW_CTX_TASK_ID='extrair_tweets' AIRFLOW_CTX_EXECUTION_DATE='2026-02-06T00:00:00+00:00' AIRFLOW_CTX_TRY_NUMBER='1' AIRFLOW_CTX_DAG_RUN_ID='scheduled__2026-02-06T00:00:00+00:00'
[2026-02-12T20:33:55.525+0000] {taskinstance.py:430} INFO - ::endgroup::
[2026-02-12T20:33:55.533+0000] {base.py:84} INFO - Using connection ID 'twitter_default' for task execution.
[2026-02-12T20:33:55.534+0000] {twitterhook.py:32} INFO - Requesting https://labdados.com//2/tweets/search/recent?query=data%20science&tweet.fields=author_id,conversation_id,created_at,id,in_reply_to_user_id,public_metrics,lang,text&expansions=author_id&user.fields=id,name,username,created_at&start_time=2026-02-06T00:00:00.00Z&end_time=2026-02-07T00:00:00.00Z
[2026-02-12T20:33:55.956+0000] {twitterhook.py:32} INFO - Requesting https://labdados.com//2/tweets/search/recent?query=data%20science&tweet.fields=author_id,conversation_id,created_at,id,in_reply_to_user_id,public_metrics,lang,text&expansions=author_id&user.fields=id,name,username,created_at&start_time=2026-02-06T00:00:00.00Z&end_time=2026-02-07T00:00:00.00Z&next_token=***67890abcdef
[2026-02-12T20:33:56.093+0000] {twitterhook.py:32} INFO - Requesting https://labdados.com//2/tweets/search/recent?query=data%20science&tweet.fields=author_id,conversation_id,created_at,id,in_reply_to_user_id,public_metrics,lang,text&expansions=author_id&user.fields=id,name,username,created_at&start_time=2026-02-06T00:00:00.00Z&end_time=2026-02-07T00:00:00.00Z&next_token=***67890abcdef
[2026-02-12T20:33:56.219+0000] {twitterhook.py:32} INFO - Requesting https://labdados.com//2/tweets/search/recent?query=data%20science&tweet.fields=author_id,conversation_id,created_at,id,in_reply_to_user_id,public_metrics,lang,text&expansions=author_id&user.fields=id,name,username,created_at&start_time=2026-02-06T00:00:00.00Z&end_time=2026-02-07T00:00:00.00Z&next_token=***67890abcdef
[2026-02-12T20:33:56.346+0000] {twitterhook.py:32} INFO - Requesting https://labdados.com//2/tweets/search/recent?query=data%20science&tweet.fields=author_id,conversation_id,created_at,id,in_reply_to_user_id,public_metrics,lang,text&expansions=author_id&user.fields=id,name,username,created_at&start_time=2026-02-06T00:00:00.00Z&end_time=2026-02-07T00:00:00.00Z&next_token=***67890abcdef
[2026-02-12T20:33:56.477+0000] {twitteroperator.py:41} INFO - Tweets salvos em /opt/data_lake/twitter_posts_raw/tweets_2026-02-06.json
[2026-02-12T20:33:56.477+0000] {taskinstance.py:441} INFO - ::group::Post task execution logs
[2026-02-12T20:33:56.499+0000] {taskinstance.py:1206} INFO - Marking task as SUCCESS. dag_id=twitter_pipeline_2, task_id=extrair_tweets, run_id=scheduled__2026-02-06T00:00:00+00:00, execution_date=20260206T000000, start_date=20260212T203355, end_date=20260212T203356
[2026-02-12T20:33:56.553+0000] {local_task_job_runner.py:243} INFO - Task exited with return code 0
[2026-02-12T20:33:56.571+0000] {taskinstance.py:3503} INFO - 1 downstream tasks scheduled from follow-on schedule check
[2026-02-12T20:33:56.573+0000] {local_task_job_runner.py:222} INFO - ::endgroup::
