[2026-02-12T18:27:20.159+0000] {local_task_job_runner.py:120} INFO - ::group::Pre task execution logs
[2026-02-12T18:27:20.189+0000] {taskinstance.py:2076} INFO - Dependencies all met for dep_context=non-requeueable deps ti=<TaskInstance: twitter_pipeline_2.extrair_tweets scheduled__2026-02-11T00:00:00+00:00 [queued]>
[2026-02-12T18:27:20.198+0000] {taskinstance.py:2076} INFO - Dependencies all met for dep_context=requeueable deps ti=<TaskInstance: twitter_pipeline_2.extrair_tweets scheduled__2026-02-11T00:00:00+00:00 [queued]>
[2026-02-12T18:27:20.199+0000] {taskinstance.py:2306} INFO - Starting attempt 1 of 1
[2026-02-12T18:27:20.217+0000] {taskinstance.py:2330} INFO - Executing <Task(TwitterOperator): extrair_tweets> on 2026-02-11 00:00:00+00:00
[2026-02-12T18:27:20.226+0000] {standard_task_runner.py:64} INFO - Started process 233 to run task
[2026-02-12T18:27:20.230+0000] {standard_task_runner.py:90} INFO - Running: ['airflow', 'tasks', 'run', 'twitter_pipeline_2', 'extrair_tweets', 'scheduled__2026-02-11T00:00:00+00:00', '--job-id', '18', '--raw', '--subdir', 'DAGS_FOLDER/dag2.py', '--cfg-path', '/tmp/tmpuwr0vgek']
[2026-02-12T18:27:20.232+0000] {standard_task_runner.py:91} INFO - Job 18: Subtask extrair_tweets
[2026-02-12T18:27:20.328+0000] {task_command.py:426} INFO - Running <TaskInstance: twitter_pipeline_2.extrair_tweets scheduled__2026-02-11T00:00:00+00:00 [running]> on host 649004db3ede
[2026-02-12T18:27:20.481+0000] {taskinstance.py:2648} INFO - Exporting env vars: AIRFLOW_CTX_DAG_OWNER='airflow' AIRFLOW_CTX_DAG_ID='twitter_pipeline_2' AIRFLOW_CTX_TASK_ID='extrair_tweets' AIRFLOW_CTX_EXECUTION_DATE='2026-02-11T00:00:00+00:00' AIRFLOW_CTX_TRY_NUMBER='1' AIRFLOW_CTX_DAG_RUN_ID='scheduled__2026-02-11T00:00:00+00:00'
[2026-02-12T18:27:20.482+0000] {taskinstance.py:430} INFO - ::endgroup::
[2026-02-12T18:27:20.497+0000] {taskinstance.py:441} INFO - ::group::Post task execution logs
[2026-02-12T18:27:20.511+0000] {taskinstance.py:2905} ERROR - Task failed with exception
Traceback (most recent call last):
  File "/home/airflow/.local/lib/python3.10/site-packages/airflow/models/taskinstance.py", line 465, in _execute_task
    result = _execute_callable(context=context, **execute_callable_kwargs)
  File "/home/airflow/.local/lib/python3.10/site-packages/airflow/models/taskinstance.py", line 432, in _execute_callable
    return execute_callable(context=context, **execute_callable_kwargs)
  File "/home/airflow/.local/lib/python3.10/site-packages/airflow/models/baseoperator.py", line 401, in wrapper
    return func(self, *args, **kwargs)
  File "/opt/airflow/operators/twitteroperator.py", line 34, in execute
    for page in hook.run():
  File "/opt/airflow/hook/twitterhook.py", line 55, in run
    session = self.get_conn()
  File "/home/airflow/.local/lib/python3.10/site-packages/airflow/providers/http/hooks/http.py", line 108, in get_conn
    conn = self.get_connection(self.http_conn_id)
  File "/home/airflow/.local/lib/python3.10/site-packages/airflow/hooks/base.py", line 83, in get_connection
    conn = Connection.get_connection_from_secrets(conn_id)
  File "/home/airflow/.local/lib/python3.10/site-packages/airflow/models/connection.py", line 519, in get_connection_from_secrets
    raise AirflowNotFoundException(f"The conn_id `{conn_id}` isn't defined")
airflow.exceptions.AirflowNotFoundException: The conn_id `twitter_default` isn't defined
[2026-02-12T18:27:20.516+0000] {taskinstance.py:1206} INFO - Marking task as FAILED. dag_id=twitter_pipeline_2, task_id=extrair_tweets, run_id=scheduled__2026-02-11T00:00:00+00:00, execution_date=20260211T000000, start_date=20260212T182720, end_date=20260212T182720
[2026-02-12T18:27:20.531+0000] {standard_task_runner.py:110} ERROR - Failed to execute job 18 for task extrair_tweets (The conn_id `twitter_default` isn't defined; 233)
[2026-02-12T18:27:20.563+0000] {local_task_job_runner.py:243} INFO - Task exited with return code 1
[2026-02-12T18:27:20.600+0000] {taskinstance.py:3503} INFO - 0 downstream tasks scheduled from follow-on schedule check
[2026-02-12T18:27:20.605+0000] {local_task_job_runner.py:222} INFO - ::endgroup::
[2026-02-12T20:34:47.953+0000] {local_task_job_runner.py:120} INFO - ::group::Pre task execution logs
[2026-02-12T20:34:47.965+0000] {taskinstance.py:2076} INFO - Dependencies all met for dep_context=non-requeueable deps ti=<TaskInstance: twitter_pipeline_2.extrair_tweets scheduled__2026-02-11T00:00:00+00:00 [queued]>
[2026-02-12T20:34:47.971+0000] {taskinstance.py:2076} INFO - Dependencies all met for dep_context=requeueable deps ti=<TaskInstance: twitter_pipeline_2.extrair_tweets scheduled__2026-02-11T00:00:00+00:00 [queued]>
[2026-02-12T20:34:47.971+0000] {taskinstance.py:2306} INFO - Starting attempt 1 of 1
[2026-02-12T20:34:47.980+0000] {taskinstance.py:2330} INFO - Executing <Task(TwitterOperator): extrair_tweets> on 2026-02-11 00:00:00+00:00
[2026-02-12T20:34:47.987+0000] {standard_task_runner.py:64} INFO - Started process 3086 to run task
[2026-02-12T20:34:47.990+0000] {standard_task_runner.py:90} INFO - Running: ['airflow', 'tasks', 'run', 'twitter_pipeline_2', 'extrair_tweets', 'scheduled__2026-02-11T00:00:00+00:00', '--job-id', '91', '--raw', '--subdir', 'DAGS_FOLDER/dag2.py', '--cfg-path', '/tmp/tmp2mzpc5zs']
[2026-02-12T20:34:47.991+0000] {standard_task_runner.py:91} INFO - Job 91: Subtask extrair_tweets
[2026-02-12T20:34:48.030+0000] {task_command.py:426} INFO - Running <TaskInstance: twitter_pipeline_2.extrair_tweets scheduled__2026-02-11T00:00:00+00:00 [running]> on host 649004db3ede
[2026-02-12T20:34:48.097+0000] {taskinstance.py:2648} INFO - Exporting env vars: AIRFLOW_CTX_DAG_OWNER='airflow' AIRFLOW_CTX_DAG_ID='twitter_pipeline_2' AIRFLOW_CTX_TASK_ID='extrair_tweets' AIRFLOW_CTX_EXECUTION_DATE='2026-02-11T00:00:00+00:00' AIRFLOW_CTX_TRY_NUMBER='1' AIRFLOW_CTX_DAG_RUN_ID='scheduled__2026-02-11T00:00:00+00:00'
[2026-02-12T20:34:48.098+0000] {taskinstance.py:430} INFO - ::endgroup::
[2026-02-12T20:34:48.106+0000] {base.py:84} INFO - Using connection ID 'twitter_default' for task execution.
[2026-02-12T20:34:48.106+0000] {twitterhook.py:32} INFO - Requesting https://labdados.com//2/tweets/search/recent?query=data%20science&tweet.fields=author_id,conversation_id,created_at,id,in_reply_to_user_id,public_metrics,lang,text&expansions=author_id&user.fields=id,name,username,created_at&start_time=2026-02-11T00:00:00.00Z&end_time=2026-02-12T00:00:00.00Z
[2026-02-12T20:34:48.526+0000] {twitterhook.py:32} INFO - Requesting https://labdados.com//2/tweets/search/recent?query=data%20science&tweet.fields=author_id,conversation_id,created_at,id,in_reply_to_user_id,public_metrics,lang,text&expansions=author_id&user.fields=id,name,username,created_at&start_time=2026-02-11T00:00:00.00Z&end_time=2026-02-12T00:00:00.00Z&next_token=***67890abcdef
[2026-02-12T20:34:48.650+0000] {twitterhook.py:32} INFO - Requesting https://labdados.com//2/tweets/search/recent?query=data%20science&tweet.fields=author_id,conversation_id,created_at,id,in_reply_to_user_id,public_metrics,lang,text&expansions=author_id&user.fields=id,name,username,created_at&start_time=2026-02-11T00:00:00.00Z&end_time=2026-02-12T00:00:00.00Z&next_token=***67890abcdef
[2026-02-12T20:34:48.774+0000] {twitterhook.py:32} INFO - Requesting https://labdados.com//2/tweets/search/recent?query=data%20science&tweet.fields=author_id,conversation_id,created_at,id,in_reply_to_user_id,public_metrics,lang,text&expansions=author_id&user.fields=id,name,username,created_at&start_time=2026-02-11T00:00:00.00Z&end_time=2026-02-12T00:00:00.00Z&next_token=***67890abcdef
[2026-02-12T20:34:48.903+0000] {twitterhook.py:32} INFO - Requesting https://labdados.com//2/tweets/search/recent?query=data%20science&tweet.fields=author_id,conversation_id,created_at,id,in_reply_to_user_id,public_metrics,lang,text&expansions=author_id&user.fields=id,name,username,created_at&start_time=2026-02-11T00:00:00.00Z&end_time=2026-02-12T00:00:00.00Z&next_token=***67890abcdef
[2026-02-12T20:34:49.026+0000] {twitterhook.py:32} INFO - Requesting https://labdados.com//2/tweets/search/recent?query=data%20science&tweet.fields=author_id,conversation_id,created_at,id,in_reply_to_user_id,public_metrics,lang,text&expansions=author_id&user.fields=id,name,username,created_at&start_time=2026-02-11T00:00:00.00Z&end_time=2026-02-12T00:00:00.00Z&next_token=***67890abcdef
[2026-02-12T20:34:49.151+0000] {twitteroperator.py:41} INFO - Tweets salvos em /opt/data_lake/twitter_posts_raw/tweets_2026-02-11.json
[2026-02-12T20:34:49.151+0000] {taskinstance.py:441} INFO - ::group::Post task execution logs
[2026-02-12T20:34:49.170+0000] {taskinstance.py:1206} INFO - Marking task as SUCCESS. dag_id=twitter_pipeline_2, task_id=extrair_tweets, run_id=scheduled__2026-02-11T00:00:00+00:00, execution_date=20260211T000000, start_date=20260212T203447, end_date=20260212T203449
[2026-02-12T20:34:49.204+0000] {local_task_job_runner.py:243} INFO - Task exited with return code 0
[2026-02-12T20:34:49.219+0000] {taskinstance.py:3503} INFO - 1 downstream tasks scheduled from follow-on schedule check
[2026-02-12T20:34:49.221+0000] {local_task_job_runner.py:222} INFO - ::endgroup::
