[2026-02-12T16:02:09.593+0000] {local_task_job_runner.py:120} INFO - ::group::Pre task execution logs
[2026-02-12T16:02:09.608+0000] {taskinstance.py:2076} INFO - Dependencies all met for dep_context=non-requeueable deps ti=<TaskInstance: twitter_pipeline.extrair_tweets scheduled__2026-02-01T00:00:00+00:00 [queued]>
[2026-02-12T16:02:09.613+0000] {taskinstance.py:2076} INFO - Dependencies all met for dep_context=requeueable deps ti=<TaskInstance: twitter_pipeline.extrair_tweets scheduled__2026-02-01T00:00:00+00:00 [queued]>
[2026-02-12T16:02:09.613+0000] {taskinstance.py:2306} INFO - Starting attempt 1 of 1
[2026-02-12T16:02:09.622+0000] {taskinstance.py:2330} INFO - Executing <Task(TwitterOperator): extrair_tweets> on 2026-02-01 00:00:00+00:00
[2026-02-12T16:02:09.627+0000] {standard_task_runner.py:64} INFO - Started process 174 to run task
[2026-02-12T16:02:09.631+0000] {standard_task_runner.py:90} INFO - Running: ['airflow', 'tasks', 'run', 'twitter_pipeline', 'extrair_tweets', 'scheduled__2026-02-01T00:00:00+00:00', '--job-id', '36', '--raw', '--subdir', 'DAGS_FOLDER/dag_test.py', '--cfg-path', '/tmp/tmp6896mmlw']
[2026-02-12T16:02:09.633+0000] {standard_task_runner.py:91} INFO - Job 36: Subtask extrair_tweets
[2026-02-12T16:02:09.685+0000] {task_command.py:426} INFO - Running <TaskInstance: twitter_pipeline.extrair_tweets scheduled__2026-02-01T00:00:00+00:00 [running]> on host 905f4688aa0a
[2026-02-12T16:02:09.769+0000] {taskinstance.py:2648} INFO - Exporting env vars: AIRFLOW_CTX_DAG_OWNER='airflow' AIRFLOW_CTX_DAG_ID='twitter_pipeline' AIRFLOW_CTX_TASK_ID='extrair_tweets' AIRFLOW_CTX_EXECUTION_DATE='2026-02-01T00:00:00+00:00' AIRFLOW_CTX_TRY_NUMBER='1' AIRFLOW_CTX_DAG_RUN_ID='scheduled__2026-02-01T00:00:00+00:00'
[2026-02-12T16:02:09.769+0000] {taskinstance.py:430} INFO - ::endgroup::
[2026-02-12T16:02:09.770+0000] {taskinstance.py:441} INFO - ::group::Post task execution logs
[2026-02-12T16:02:09.770+0000] {taskinstance.py:2905} ERROR - Task failed with exception
Traceback (most recent call last):
  File "/home/airflow/.local/lib/python3.10/site-packages/airflow/models/taskinstance.py", line 465, in _execute_task
    result = _execute_callable(context=context, **execute_callable_kwargs)
  File "/home/airflow/.local/lib/python3.10/site-packages/airflow/models/taskinstance.py", line 432, in _execute_callable
    return execute_callable(context=context, **execute_callable_kwargs)
  File "/home/airflow/.local/lib/python3.10/site-packages/airflow/models/baseoperator.py", line 401, in wrapper
    return func(self, *args, **kwargs)
  File "/opt/airflow/operators/twitteroperator.py", line 33, in execute
    with open(self.file_path, 'w') as file:
PermissionError: [Errno 13] Permission denied: '/opt/data_hook/tweets_2026-02-01.json'
[2026-02-12T16:02:09.777+0000] {taskinstance.py:1206} INFO - Marking task as FAILED. dag_id=twitter_pipeline, task_id=extrair_tweets, run_id=scheduled__2026-02-01T00:00:00+00:00, execution_date=20260201T000000, start_date=20260212T160209, end_date=20260212T160209
[2026-02-12T16:02:09.785+0000] {standard_task_runner.py:110} ERROR - Failed to execute job 36 for task extrair_tweets ([Errno 13] Permission denied: '/opt/data_hook/tweets_2026-02-01.json'; 174)
[2026-02-12T16:02:09.803+0000] {local_task_job_runner.py:243} INFO - Task exited with return code 1
[2026-02-12T16:02:09.817+0000] {taskinstance.py:3503} INFO - 0 downstream tasks scheduled from follow-on schedule check
[2026-02-12T16:02:09.818+0000] {local_task_job_runner.py:222} INFO - ::endgroup::
[2026-02-12T16:05:53.175+0000] {local_task_job_runner.py:120} INFO - ::group::Pre task execution logs
[2026-02-12T16:05:53.190+0000] {taskinstance.py:2076} INFO - Dependencies all met for dep_context=non-requeueable deps ti=<TaskInstance: twitter_pipeline.extrair_tweets scheduled__2026-02-01T00:00:00+00:00 [queued]>
[2026-02-12T16:05:53.196+0000] {taskinstance.py:2076} INFO - Dependencies all met for dep_context=requeueable deps ti=<TaskInstance: twitter_pipeline.extrair_tweets scheduled__2026-02-01T00:00:00+00:00 [queued]>
[2026-02-12T16:05:53.196+0000] {taskinstance.py:2306} INFO - Starting attempt 1 of 1
[2026-02-12T16:05:53.205+0000] {taskinstance.py:2330} INFO - Executing <Task(TwitterOperator): extrair_tweets> on 2026-02-01 00:00:00+00:00
[2026-02-12T16:05:53.210+0000] {standard_task_runner.py:64} INFO - Started process 175 to run task
[2026-02-12T16:05:53.213+0000] {standard_task_runner.py:90} INFO - Running: ['airflow', 'tasks', 'run', 'twitter_pipeline', 'extrair_tweets', 'scheduled__2026-02-01T00:00:00+00:00', '--job-id', '2', '--raw', '--subdir', 'DAGS_FOLDER/dag_test.py', '--cfg-path', '/tmp/tmpacc6z7rb']
[2026-02-12T16:05:53.215+0000] {standard_task_runner.py:91} INFO - Job 2: Subtask extrair_tweets
[2026-02-12T16:05:53.266+0000] {task_command.py:426} INFO - Running <TaskInstance: twitter_pipeline.extrair_tweets scheduled__2026-02-01T00:00:00+00:00 [running]> on host 711899c31697
[2026-02-12T16:05:53.349+0000] {taskinstance.py:2648} INFO - Exporting env vars: AIRFLOW_CTX_DAG_OWNER='airflow' AIRFLOW_CTX_DAG_ID='twitter_pipeline' AIRFLOW_CTX_TASK_ID='extrair_tweets' AIRFLOW_CTX_EXECUTION_DATE='2026-02-01T00:00:00+00:00' AIRFLOW_CTX_TRY_NUMBER='1' AIRFLOW_CTX_DAG_RUN_ID='scheduled__2026-02-01T00:00:00+00:00'
[2026-02-12T16:05:53.350+0000] {taskinstance.py:430} INFO - ::endgroup::
[2026-02-12T16:05:53.359+0000] {taskinstance.py:441} INFO - ::group::Post task execution logs
[2026-02-12T16:05:53.366+0000] {taskinstance.py:2905} ERROR - Task failed with exception
Traceback (most recent call last):
  File "/home/airflow/.local/lib/python3.10/site-packages/airflow/models/taskinstance.py", line 465, in _execute_task
    result = _execute_callable(context=context, **execute_callable_kwargs)
  File "/home/airflow/.local/lib/python3.10/site-packages/airflow/models/taskinstance.py", line 432, in _execute_callable
    return execute_callable(context=context, **execute_callable_kwargs)
  File "/home/airflow/.local/lib/python3.10/site-packages/airflow/models/baseoperator.py", line 401, in wrapper
    return func(self, *args, **kwargs)
  File "/opt/airflow/operators/twitteroperator.py", line 34, in execute
    for page in hook.run():
  File "/opt/airflow/hook/twitterhook.py", line 55, in run
    session = self.get_conn()
  File "/home/airflow/.local/lib/python3.10/site-packages/airflow/providers/http/hooks/http.py", line 108, in get_conn
    conn = self.get_connection(self.http_conn_id)
  File "/home/airflow/.local/lib/python3.10/site-packages/airflow/hooks/base.py", line 83, in get_connection
    conn = Connection.get_connection_from_secrets(conn_id)
  File "/home/airflow/.local/lib/python3.10/site-packages/airflow/models/connection.py", line 519, in get_connection_from_secrets
    raise AirflowNotFoundException(f"The conn_id `{conn_id}` isn't defined")
airflow.exceptions.AirflowNotFoundException: The conn_id `twitter_default` isn't defined
[2026-02-12T16:05:53.369+0000] {taskinstance.py:1206} INFO - Marking task as FAILED. dag_id=twitter_pipeline, task_id=extrair_tweets, run_id=scheduled__2026-02-01T00:00:00+00:00, execution_date=20260201T000000, start_date=20260212T160553, end_date=20260212T160553
[2026-02-12T16:05:53.376+0000] {standard_task_runner.py:110} ERROR - Failed to execute job 2 for task extrair_tweets (The conn_id `twitter_default` isn't defined; 175)
[2026-02-12T16:05:53.385+0000] {local_task_job_runner.py:243} INFO - Task exited with return code 1
[2026-02-12T16:05:53.399+0000] {taskinstance.py:3503} INFO - 0 downstream tasks scheduled from follow-on schedule check
[2026-02-12T16:05:53.400+0000] {local_task_job_runner.py:222} INFO - ::endgroup::
