[2026-02-12T18:41:17.592+0000] {local_task_job_runner.py:120} INFO - ::group::Pre task execution logs
[2026-02-12T18:41:17.621+0000] {taskinstance.py:2076} INFO - Dependencies all met for dep_context=non-requeueable deps ti=<TaskInstance: twitter_pipeline_2.extrair_tweets manual__2026-02-12T18:41:16.780751+00:00 [queued]>
[2026-02-12T18:41:17.633+0000] {taskinstance.py:2076} INFO - Dependencies all met for dep_context=requeueable deps ti=<TaskInstance: twitter_pipeline_2.extrair_tweets manual__2026-02-12T18:41:16.780751+00:00 [queued]>
[2026-02-12T18:41:17.634+0000] {taskinstance.py:2306} INFO - Starting attempt 1 of 1
[2026-02-12T18:41:17.654+0000] {taskinstance.py:2330} INFO - Executing <Task(TwitterOperator): extrair_tweets> on 2026-02-12 18:41:16.780751+00:00
[2026-02-12T18:41:17.664+0000] {standard_task_runner.py:64} INFO - Started process 800 to run task
[2026-02-12T18:41:17.670+0000] {standard_task_runner.py:90} INFO - Running: ['airflow', 'tasks', 'run', 'twitter_pipeline_2', 'extrair_tweets', 'manual__2026-02-12T18:41:16.780751+00:00', '--job-id', '31', '--raw', '--subdir', 'DAGS_FOLDER/dag2.py', '--cfg-path', '/tmp/tmpeod1zunx']
[2026-02-12T18:41:17.673+0000] {standard_task_runner.py:91} INFO - Job 31: Subtask extrair_tweets
[2026-02-12T18:41:17.775+0000] {task_command.py:426} INFO - Running <TaskInstance: twitter_pipeline_2.extrair_tweets manual__2026-02-12T18:41:16.780751+00:00 [running]> on host 649004db3ede
[2026-02-12T18:41:17.941+0000] {taskinstance.py:2648} INFO - Exporting env vars: AIRFLOW_CTX_DAG_OWNER='airflow' AIRFLOW_CTX_DAG_ID='twitter_pipeline_2' AIRFLOW_CTX_TASK_ID='extrair_tweets' AIRFLOW_CTX_EXECUTION_DATE='2026-02-12T18:41:16.780751+00:00' AIRFLOW_CTX_TRY_NUMBER='1' AIRFLOW_CTX_DAG_RUN_ID='manual__2026-02-12T18:41:16.780751+00:00'
[2026-02-12T18:41:17.942+0000] {taskinstance.py:430} INFO - ::endgroup::
[2026-02-12T18:41:17.962+0000] {base.py:84} INFO - Using connection ID 'twitter_default' for task execution.
[2026-02-12T18:41:17.964+0000] {twitterhook.py:32} INFO - Requesting https://labdados.com//2/tweets/search/recent?query=data%20science&tweet.fields=author_id,conversation_id,created_at,id,in_reply_to_user_id,public_metrics,lang,text&expansions=author_id&user.fields=id,name,username,created_at&start_time=2026-02-11T00:00:00.00Z&end_time=2026-02-12T00:00:00.00Z
[2026-02-12T18:41:18.672+0000] {twitterhook.py:32} INFO - Requesting https://labdados.com//2/tweets/search/recent?query=data%20science&tweet.fields=author_id,conversation_id,created_at,id,in_reply_to_user_id,public_metrics,lang,text&expansions=author_id&user.fields=id,name,username,created_at&start_time=2026-02-11T00:00:00.00Z&end_time=2026-02-12T00:00:00.00Z&next_token=***67890abcdef
[2026-02-12T18:41:18.799+0000] {twitterhook.py:32} INFO - Requesting https://labdados.com//2/tweets/search/recent?query=data%20science&tweet.fields=author_id,conversation_id,created_at,id,in_reply_to_user_id,public_metrics,lang,text&expansions=author_id&user.fields=id,name,username,created_at&start_time=2026-02-11T00:00:00.00Z&end_time=2026-02-12T00:00:00.00Z&next_token=***67890abcdef
[2026-02-12T18:41:18.928+0000] {twitterhook.py:32} INFO - Requesting https://labdados.com//2/tweets/search/recent?query=data%20science&tweet.fields=author_id,conversation_id,created_at,id,in_reply_to_user_id,public_metrics,lang,text&expansions=author_id&user.fields=id,name,username,created_at&start_time=2026-02-11T00:00:00.00Z&end_time=2026-02-12T00:00:00.00Z&next_token=***67890abcdef
[2026-02-12T18:41:19.058+0000] {twitterhook.py:32} INFO - Requesting https://labdados.com//2/tweets/search/recent?query=data%20science&tweet.fields=author_id,conversation_id,created_at,id,in_reply_to_user_id,public_metrics,lang,text&expansions=author_id&user.fields=id,name,username,created_at&start_time=2026-02-11T00:00:00.00Z&end_time=2026-02-12T00:00:00.00Z&next_token=***67890abcdef
[2026-02-12T18:41:19.192+0000] {twitteroperator.py:41} INFO - Tweets salvos em /opt/data_lake/twitter_posts_raw/tweets_2026-02-12.json
[2026-02-12T18:41:19.192+0000] {taskinstance.py:441} INFO - ::group::Post task execution logs
[2026-02-12T18:41:19.240+0000] {taskinstance.py:1206} INFO - Marking task as SUCCESS. dag_id=twitter_pipeline_2, task_id=extrair_tweets, run_id=manual__2026-02-12T18:41:16.780751+00:00, execution_date=20260212T184116, start_date=20260212T184117, end_date=20260212T184119
[2026-02-12T18:41:19.293+0000] {local_task_job_runner.py:243} INFO - Task exited with return code 0
[2026-02-12T18:41:19.332+0000] {taskinstance.py:3503} INFO - 1 downstream tasks scheduled from follow-on schedule check
[2026-02-12T18:41:19.335+0000] {local_task_job_runner.py:222} INFO - ::endgroup::
