[2026-02-12T16:02:11.670+0000] {local_task_job_runner.py:120} INFO - ::group::Pre task execution logs
[2026-02-12T16:02:11.685+0000] {taskinstance.py:2076} INFO - Dependencies all met for dep_context=non-requeueable deps ti=<TaskInstance: twitter_pipeline.extrair_tweets manual__2026-02-12T15:53:41.194929+00:00 [queued]>
[2026-02-12T16:02:11.690+0000] {taskinstance.py:2076} INFO - Dependencies all met for dep_context=requeueable deps ti=<TaskInstance: twitter_pipeline.extrair_tweets manual__2026-02-12T15:53:41.194929+00:00 [queued]>
[2026-02-12T16:02:11.690+0000] {taskinstance.py:2306} INFO - Starting attempt 1 of 1
[2026-02-12T16:02:11.700+0000] {taskinstance.py:2330} INFO - Executing <Task(TwitterOperator): extrair_tweets> on 2026-02-12 15:53:41.194929+00:00
[2026-02-12T16:02:11.705+0000] {standard_task_runner.py:64} INFO - Started process 176 to run task
[2026-02-12T16:02:11.709+0000] {standard_task_runner.py:90} INFO - Running: ['airflow', 'tasks', 'run', 'twitter_pipeline', 'extrair_tweets', 'manual__2026-02-12T15:53:41.194929+00:00', '--job-id', '37', '--raw', '--subdir', 'DAGS_FOLDER/dag_test.py', '--cfg-path', '/tmp/tmp19o7_pgf']
[2026-02-12T16:02:11.711+0000] {standard_task_runner.py:91} INFO - Job 37: Subtask extrair_tweets
[2026-02-12T16:02:11.763+0000] {task_command.py:426} INFO - Running <TaskInstance: twitter_pipeline.extrair_tweets manual__2026-02-12T15:53:41.194929+00:00 [running]> on host 905f4688aa0a
[2026-02-12T16:02:11.854+0000] {taskinstance.py:2648} INFO - Exporting env vars: AIRFLOW_CTX_DAG_OWNER='airflow' AIRFLOW_CTX_DAG_ID='twitter_pipeline' AIRFLOW_CTX_TASK_ID='extrair_tweets' AIRFLOW_CTX_EXECUTION_DATE='2026-02-12T15:53:41.194929+00:00' AIRFLOW_CTX_TRY_NUMBER='1' AIRFLOW_CTX_DAG_RUN_ID='manual__2026-02-12T15:53:41.194929+00:00'
[2026-02-12T16:02:11.855+0000] {taskinstance.py:430} INFO - ::endgroup::
[2026-02-12T16:02:11.855+0000] {taskinstance.py:441} INFO - ::group::Post task execution logs
[2026-02-12T16:02:11.856+0000] {taskinstance.py:2905} ERROR - Task failed with exception
Traceback (most recent call last):
  File "/home/airflow/.local/lib/python3.10/site-packages/airflow/models/taskinstance.py", line 465, in _execute_task
    result = _execute_callable(context=context, **execute_callable_kwargs)
  File "/home/airflow/.local/lib/python3.10/site-packages/airflow/models/taskinstance.py", line 432, in _execute_callable
    return execute_callable(context=context, **execute_callable_kwargs)
  File "/home/airflow/.local/lib/python3.10/site-packages/airflow/models/baseoperator.py", line 401, in wrapper
    return func(self, *args, **kwargs)
  File "/opt/airflow/operators/twitteroperator.py", line 33, in execute
    with open(self.file_path, 'w') as file:
PermissionError: [Errno 13] Permission denied: '/opt/data_hook/tweets_2026-02-12.json'
[2026-02-12T16:02:11.872+0000] {taskinstance.py:1206} INFO - Marking task as FAILED. dag_id=twitter_pipeline, task_id=extrair_tweets, run_id=manual__2026-02-12T15:53:41.194929+00:00, execution_date=20260212T155341, start_date=20260212T160211, end_date=20260212T160211
[2026-02-12T16:02:11.880+0000] {standard_task_runner.py:110} ERROR - Failed to execute job 37 for task extrair_tweets ([Errno 13] Permission denied: '/opt/data_hook/tweets_2026-02-12.json'; 176)
[2026-02-12T16:02:11.921+0000] {local_task_job_runner.py:243} INFO - Task exited with return code 1
[2026-02-12T16:02:11.936+0000] {taskinstance.py:3503} INFO - 0 downstream tasks scheduled from follow-on schedule check
[2026-02-12T16:02:11.938+0000] {local_task_job_runner.py:222} INFO - ::endgroup::
