[2026-02-12T23:30:30.921+0000] {local_task_job_runner.py:120} INFO - ::group::Pre task execution logs
[2026-02-12T23:30:30.935+0000] {taskinstance.py:2076} INFO - Dependencies all met for dep_context=non-requeueable deps ti=<TaskInstance: twitter_pipeline_2.extrair_tweets scheduled__2026-02-03T00:00:00+00:00 [queued]>
[2026-02-12T23:30:30.939+0000] {taskinstance.py:2076} INFO - Dependencies all met for dep_context=requeueable deps ti=<TaskInstance: twitter_pipeline_2.extrair_tweets scheduled__2026-02-03T00:00:00+00:00 [queued]>
[2026-02-12T23:30:30.940+0000] {taskinstance.py:2306} INFO - Starting attempt 1 of 1
[2026-02-12T23:30:30.948+0000] {taskinstance.py:2330} INFO - Executing <Task(TwitterOperator): extrair_tweets> on 2026-02-03 00:00:00+00:00
[2026-02-12T23:30:30.953+0000] {standard_task_runner.py:64} INFO - Started process 691 to run task
[2026-02-12T23:30:30.956+0000] {standard_task_runner.py:90} INFO - Running: ['airflow', 'tasks', 'run', 'twitter_pipeline_2', 'extrair_tweets', 'scheduled__2026-02-03T00:00:00+00:00', '--job-id', '166', '--raw', '--subdir', 'DAGS_FOLDER/dag2.py', '--cfg-path', '/tmp/tmp_ln9bb1y']
[2026-02-12T23:30:30.958+0000] {standard_task_runner.py:91} INFO - Job 166: Subtask extrair_tweets
[2026-02-12T23:30:30.999+0000] {task_command.py:426} INFO - Running <TaskInstance: twitter_pipeline_2.extrair_tweets scheduled__2026-02-03T00:00:00+00:00 [running]> on host 0bc7f8c4ce9d
[2026-02-12T23:30:31.067+0000] {taskinstance.py:2648} INFO - Exporting env vars: AIRFLOW_CTX_DAG_OWNER='airflow' AIRFLOW_CTX_DAG_ID='twitter_pipeline_2' AIRFLOW_CTX_TASK_ID='extrair_tweets' AIRFLOW_CTX_EXECUTION_DATE='2026-02-03T00:00:00+00:00' AIRFLOW_CTX_TRY_NUMBER='1' AIRFLOW_CTX_DAG_RUN_ID='scheduled__2026-02-03T00:00:00+00:00'
[2026-02-12T23:30:31.067+0000] {taskinstance.py:430} INFO - ::endgroup::
[2026-02-12T23:30:31.076+0000] {base.py:84} INFO - Using connection ID 'twitter_default' for task execution.
[2026-02-12T23:30:31.077+0000] {twitterhook.py:32} INFO - Requesting https://labdados.com//2/tweets/search/recent?query=data%20science&tweet.fields=author_id,conversation_id,created_at,id,in_reply_to_user_id,public_metrics,lang,text&expansions=author_id&user.fields=id,name,username,created_at&start_time=2026-02-03T00:00:00.00Z&end_time=2026-02-04T00:00:00.00Z
[2026-02-12T23:30:31.582+0000] {twitterhook.py:32} INFO - Requesting https://labdados.com//2/tweets/search/recent?query=data%20science&tweet.fields=author_id,conversation_id,created_at,id,in_reply_to_user_id,public_metrics,lang,text&expansions=author_id&user.fields=id,name,username,created_at&start_time=2026-02-03T00:00:00.00Z&end_time=2026-02-04T00:00:00.00Z&next_token=***67890abcdef
[2026-02-12T23:30:31.718+0000] {twitteroperator.py:41} INFO - Tweets salvos em /opt/airflow/data/raw/tweets_2026-02-03.json
[2026-02-12T23:30:31.719+0000] {taskinstance.py:441} INFO - ::group::Post task execution logs
[2026-02-12T23:30:31.739+0000] {taskinstance.py:1206} INFO - Marking task as SUCCESS. dag_id=twitter_pipeline_2, task_id=extrair_tweets, run_id=scheduled__2026-02-03T00:00:00+00:00, execution_date=20260203T000000, start_date=20260212T233030, end_date=20260212T233031
[2026-02-12T23:30:31.770+0000] {local_task_job_runner.py:243} INFO - Task exited with return code 0
[2026-02-12T23:30:31.790+0000] {taskinstance.py:3503} INFO - 1 downstream tasks scheduled from follow-on schedule check
[2026-02-12T23:30:31.792+0000] {local_task_job_runner.py:222} INFO - ::endgroup::
[2026-02-12T23:40:10.792+0000] {local_task_job_runner.py:120} INFO - ::group::Pre task execution logs
[2026-02-12T23:40:10.804+0000] {taskinstance.py:2076} INFO - Dependencies all met for dep_context=non-requeueable deps ti=<TaskInstance: twitter_pipeline_2.extrair_tweets scheduled__2026-02-03T00:00:00+00:00 [queued]>
[2026-02-12T23:40:10.808+0000] {taskinstance.py:2076} INFO - Dependencies all met for dep_context=requeueable deps ti=<TaskInstance: twitter_pipeline_2.extrair_tweets scheduled__2026-02-03T00:00:00+00:00 [queued]>
[2026-02-12T23:40:10.809+0000] {taskinstance.py:2306} INFO - Starting attempt 1 of 1
[2026-02-12T23:40:10.816+0000] {taskinstance.py:2330} INFO - Executing <Task(TwitterOperator): extrair_tweets> on 2026-02-03 00:00:00+00:00
[2026-02-12T23:40:10.821+0000] {standard_task_runner.py:64} INFO - Started process 4406 to run task
[2026-02-12T23:40:10.824+0000] {standard_task_runner.py:90} INFO - Running: ['airflow', 'tasks', 'run', 'twitter_pipeline_2', 'extrair_tweets', 'scheduled__2026-02-03T00:00:00+00:00', '--job-id', '208', '--raw', '--subdir', 'DAGS_FOLDER/dag2.py', '--cfg-path', '/tmp/tmp5c7p_fvx']
[2026-02-12T23:40:10.826+0000] {standard_task_runner.py:91} INFO - Job 208: Subtask extrair_tweets
[2026-02-12T23:40:10.865+0000] {task_command.py:426} INFO - Running <TaskInstance: twitter_pipeline_2.extrair_tweets scheduled__2026-02-03T00:00:00+00:00 [running]> on host 0bc7f8c4ce9d
[2026-02-12T23:40:10.929+0000] {taskinstance.py:2648} INFO - Exporting env vars: AIRFLOW_CTX_DAG_OWNER='airflow' AIRFLOW_CTX_DAG_ID='twitter_pipeline_2' AIRFLOW_CTX_TASK_ID='extrair_tweets' AIRFLOW_CTX_EXECUTION_DATE='2026-02-03T00:00:00+00:00' AIRFLOW_CTX_TRY_NUMBER='1' AIRFLOW_CTX_DAG_RUN_ID='scheduled__2026-02-03T00:00:00+00:00'
[2026-02-12T23:40:10.930+0000] {taskinstance.py:430} INFO - ::endgroup::
[2026-02-12T23:40:10.938+0000] {base.py:84} INFO - Using connection ID 'twitter_default' for task execution.
[2026-02-12T23:40:10.939+0000] {twitterhook.py:32} INFO - Requesting https://labdados.com//2/tweets/search/recent?query=data%20science&tweet.fields=author_id,conversation_id,created_at,id,in_reply_to_user_id,public_metrics,lang,text&expansions=author_id&user.fields=id,name,username,created_at&start_time=2026-02-03T00:00:00.00Z&end_time=2026-02-04T00:00:00.00Z
[2026-02-12T23:40:11.652+0000] {twitteroperator.py:41} INFO - Tweets salvos em /opt/airflow/data/raw/tweets_2026-02-03.json
[2026-02-12T23:40:11.653+0000] {taskinstance.py:441} INFO - ::group::Post task execution logs
[2026-02-12T23:40:11.672+0000] {taskinstance.py:1206} INFO - Marking task as SUCCESS. dag_id=twitter_pipeline_2, task_id=extrair_tweets, run_id=scheduled__2026-02-03T00:00:00+00:00, execution_date=20260203T000000, start_date=20260212T234010, end_date=20260212T234011
[2026-02-12T23:40:11.717+0000] {local_task_job_runner.py:243} INFO - Task exited with return code 0
[2026-02-12T23:40:11.741+0000] {taskinstance.py:3503} INFO - 0 downstream tasks scheduled from follow-on schedule check
[2026-02-12T23:40:11.743+0000] {local_task_job_runner.py:222} INFO - ::endgroup::
