[2026-02-12T18:17:55.970+0000] {local_task_job_runner.py:120} INFO - ::group::Pre task execution logs
[2026-02-12T18:17:55.998+0000] {taskinstance.py:2076} INFO - Dependencies all met for dep_context=non-requeueable deps ti=<TaskInstance: twitter_pipeline_2.extrair_tweets scheduled__2026-02-01T00:00:00+00:00 [queued]>
[2026-02-12T18:17:56.008+0000] {taskinstance.py:2076} INFO - Dependencies all met for dep_context=requeueable deps ti=<TaskInstance: twitter_pipeline_2.extrair_tweets scheduled__2026-02-01T00:00:00+00:00 [queued]>
[2026-02-12T18:17:56.008+0000] {taskinstance.py:2306} INFO - Starting attempt 1 of 1
[2026-02-12T18:17:56.026+0000] {taskinstance.py:2330} INFO - Executing <Task(TwitterOperator): extrair_tweets> on 2026-02-01 00:00:00+00:00
[2026-02-12T18:17:56.036+0000] {standard_task_runner.py:64} INFO - Started process 214 to run task
[2026-02-12T18:17:56.043+0000] {standard_task_runner.py:90} INFO - Running: ['airflow', 'tasks', 'run', 'twitter_pipeline_2', 'extrair_tweets', 'scheduled__2026-02-01T00:00:00+00:00', '--job-id', '4', '--raw', '--subdir', 'DAGS_FOLDER/dag2.py', '--cfg-path', '/tmp/tmpaifut8kl']
[2026-02-12T18:17:56.048+0000] {standard_task_runner.py:91} INFO - Job 4: Subtask extrair_tweets
[2026-02-12T18:17:56.144+0000] {task_command.py:426} INFO - Running <TaskInstance: twitter_pipeline_2.extrair_tweets scheduled__2026-02-01T00:00:00+00:00 [running]> on host f81262d3ae61
[2026-02-12T18:17:56.302+0000] {taskinstance.py:2648} INFO - Exporting env vars: AIRFLOW_CTX_DAG_OWNER='airflow' AIRFLOW_CTX_DAG_ID='twitter_pipeline_2' AIRFLOW_CTX_TASK_ID='extrair_tweets' AIRFLOW_CTX_EXECUTION_DATE='2026-02-01T00:00:00+00:00' AIRFLOW_CTX_TRY_NUMBER='1' AIRFLOW_CTX_DAG_RUN_ID='scheduled__2026-02-01T00:00:00+00:00'
[2026-02-12T18:17:56.306+0000] {taskinstance.py:430} INFO - ::endgroup::
[2026-02-12T18:17:56.307+0000] {taskinstance.py:441} INFO - ::group::Post task execution logs
[2026-02-12T18:17:56.307+0000] {taskinstance.py:2905} ERROR - Task failed with exception
Traceback (most recent call last):
  File "/usr/local/lib/python3.10/pathlib.py", line 1175, in mkdir
    self._accessor.mkdir(self, mode)
FileNotFoundError: [Errno 2] No such file or directory: '/opt/data_lake/twitter_posts_raw'

During handling of the above exception, another exception occurred:

Traceback (most recent call last):
  File "/home/airflow/.local/lib/python3.10/site-packages/airflow/models/taskinstance.py", line 465, in _execute_task
    result = _execute_callable(context=context, **execute_callable_kwargs)
  File "/home/airflow/.local/lib/python3.10/site-packages/airflow/models/taskinstance.py", line 432, in _execute_callable
    return execute_callable(context=context, **execute_callable_kwargs)
  File "/home/airflow/.local/lib/python3.10/site-packages/airflow/models/baseoperator.py", line 401, in wrapper
    return func(self, *args, **kwargs)
  File "/opt/airflow/operators/twitteroperator.py", line 25, in execute
    Path(self.file_path).parent.mkdir(parents=True, exist_ok=True)
  File "/usr/local/lib/python3.10/pathlib.py", line 1179, in mkdir
    self.parent.mkdir(parents=True, exist_ok=True)
  File "/usr/local/lib/python3.10/pathlib.py", line 1175, in mkdir
    self._accessor.mkdir(self, mode)
PermissionError: [Errno 13] Permission denied: '/opt/data_lake'
[2026-02-12T18:17:56.324+0000] {taskinstance.py:1206} INFO - Marking task as FAILED. dag_id=twitter_pipeline_2, task_id=extrair_tweets, run_id=scheduled__2026-02-01T00:00:00+00:00, execution_date=20260201T000000, start_date=20260212T181755, end_date=20260212T181756
[2026-02-12T18:17:56.340+0000] {standard_task_runner.py:110} ERROR - Failed to execute job 4 for task extrair_tweets ([Errno 13] Permission denied: '/opt/data_lake'; 214)
[2026-02-12T18:17:56.377+0000] {local_task_job_runner.py:243} INFO - Task exited with return code 1
[2026-02-12T18:17:56.426+0000] {taskinstance.py:3503} INFO - 0 downstream tasks scheduled from follow-on schedule check
[2026-02-12T18:17:56.431+0000] {local_task_job_runner.py:222} INFO - ::endgroup::
[2026-02-12T20:32:39.753+0000] {local_task_job_runner.py:120} INFO - ::group::Pre task execution logs
[2026-02-12T20:32:39.768+0000] {taskinstance.py:2076} INFO - Dependencies all met for dep_context=non-requeueable deps ti=<TaskInstance: twitter_pipeline_2.extrair_tweets scheduled__2026-02-01T00:00:00+00:00 [queued]>
[2026-02-12T20:32:39.773+0000] {taskinstance.py:2076} INFO - Dependencies all met for dep_context=requeueable deps ti=<TaskInstance: twitter_pipeline_2.extrair_tweets scheduled__2026-02-01T00:00:00+00:00 [queued]>
[2026-02-12T20:32:39.774+0000] {taskinstance.py:2306} INFO - Starting attempt 1 of 1
[2026-02-12T20:32:39.782+0000] {taskinstance.py:2330} INFO - Executing <Task(TwitterOperator): extrair_tweets> on 2026-02-01 00:00:00+00:00
[2026-02-12T20:32:39.787+0000] {standard_task_runner.py:64} INFO - Started process 478 to run task
[2026-02-12T20:32:39.789+0000] {standard_task_runner.py:90} INFO - Running: ['airflow', 'tasks', 'run', 'twitter_pipeline_2', 'extrair_tweets', 'scheduled__2026-02-01T00:00:00+00:00', '--job-id', '69', '--raw', '--subdir', 'DAGS_FOLDER/dag2.py', '--cfg-path', '/tmp/tmpowj70c3r']
[2026-02-12T20:32:39.791+0000] {standard_task_runner.py:91} INFO - Job 69: Subtask extrair_tweets
[2026-02-12T20:32:39.836+0000] {task_command.py:426} INFO - Running <TaskInstance: twitter_pipeline_2.extrair_tweets scheduled__2026-02-01T00:00:00+00:00 [running]> on host 649004db3ede
[2026-02-12T20:32:39.906+0000] {taskinstance.py:2648} INFO - Exporting env vars: AIRFLOW_CTX_DAG_OWNER='airflow' AIRFLOW_CTX_DAG_ID='twitter_pipeline_2' AIRFLOW_CTX_TASK_ID='extrair_tweets' AIRFLOW_CTX_EXECUTION_DATE='2026-02-01T00:00:00+00:00' AIRFLOW_CTX_TRY_NUMBER='1' AIRFLOW_CTX_DAG_RUN_ID='scheduled__2026-02-01T00:00:00+00:00'
[2026-02-12T20:32:39.906+0000] {taskinstance.py:430} INFO - ::endgroup::
[2026-02-12T20:32:39.915+0000] {base.py:84} INFO - Using connection ID 'twitter_default' for task execution.
[2026-02-12T20:32:39.917+0000] {twitterhook.py:32} INFO - Requesting https://labdados.com//2/tweets/search/recent?query=data%20science&tweet.fields=author_id,conversation_id,created_at,id,in_reply_to_user_id,public_metrics,lang,text&expansions=author_id&user.fields=id,name,username,created_at&start_time=2026-02-01T00:00:00.00Z&end_time=2026-02-02T00:00:00.00Z
[2026-02-12T20:32:40.504+0000] {twitteroperator.py:41} INFO - Tweets salvos em /opt/data_lake/twitter_posts_raw/tweets_2026-02-01.json
[2026-02-12T20:32:40.505+0000] {taskinstance.py:441} INFO - ::group::Post task execution logs
[2026-02-12T20:32:40.526+0000] {taskinstance.py:1206} INFO - Marking task as SUCCESS. dag_id=twitter_pipeline_2, task_id=extrair_tweets, run_id=scheduled__2026-02-01T00:00:00+00:00, execution_date=20260201T000000, start_date=20260212T203239, end_date=20260212T203240
[2026-02-12T20:32:40.563+0000] {local_task_job_runner.py:243} INFO - Task exited with return code 0
[2026-02-12T20:32:40.580+0000] {taskinstance.py:3503} INFO - 1 downstream tasks scheduled from follow-on schedule check
[2026-02-12T20:32:40.582+0000] {local_task_job_runner.py:222} INFO - ::endgroup::
