[2026-02-12T16:02:59.355+0000] {local_task_job_runner.py:120} INFO - ::group::Pre task execution logs
[2026-02-12T16:02:59.378+0000] {taskinstance.py:2076} INFO - Dependencies all met for dep_context=non-requeueable deps ti=<TaskInstance: twitter_pipeline.extrair_tweets scheduled__2026-02-09T00:00:00+00:00 [queued]>
[2026-02-12T16:02:59.384+0000] {taskinstance.py:2076} INFO - Dependencies all met for dep_context=requeueable deps ti=<TaskInstance: twitter_pipeline.extrair_tweets scheduled__2026-02-09T00:00:00+00:00 [queued]>
[2026-02-12T16:02:59.384+0000] {taskinstance.py:2306} INFO - Starting attempt 1 of 1
[2026-02-12T16:02:59.393+0000] {taskinstance.py:2330} INFO - Executing <Task(TwitterOperator): extrair_tweets> on 2026-02-09 00:00:00+00:00
[2026-02-12T16:02:59.397+0000] {standard_task_runner.py:64} INFO - Started process 204 to run task
[2026-02-12T16:02:59.400+0000] {standard_task_runner.py:90} INFO - Running: ['airflow', 'tasks', 'run', 'twitter_pipeline', 'extrair_tweets', 'scheduled__2026-02-09T00:00:00+00:00', '--job-id', '46', '--raw', '--subdir', 'DAGS_FOLDER/dag_test.py', '--cfg-path', '/tmp/tmpw7qc7hu5']
[2026-02-12T16:02:59.401+0000] {standard_task_runner.py:91} INFO - Job 46: Subtask extrair_tweets
[2026-02-12T16:02:59.450+0000] {task_command.py:426} INFO - Running <TaskInstance: twitter_pipeline.extrair_tweets scheduled__2026-02-09T00:00:00+00:00 [running]> on host 905f4688aa0a
[2026-02-12T16:02:59.524+0000] {taskinstance.py:2648} INFO - Exporting env vars: AIRFLOW_CTX_DAG_OWNER='airflow' AIRFLOW_CTX_DAG_ID='twitter_pipeline' AIRFLOW_CTX_TASK_ID='extrair_tweets' AIRFLOW_CTX_EXECUTION_DATE='2026-02-09T00:00:00+00:00' AIRFLOW_CTX_TRY_NUMBER='1' AIRFLOW_CTX_DAG_RUN_ID='scheduled__2026-02-09T00:00:00+00:00'
[2026-02-12T16:02:59.525+0000] {taskinstance.py:430} INFO - ::endgroup::
[2026-02-12T16:02:59.525+0000] {taskinstance.py:441} INFO - ::group::Post task execution logs
[2026-02-12T16:02:59.525+0000] {taskinstance.py:2905} ERROR - Task failed with exception
Traceback (most recent call last):
  File "/home/airflow/.local/lib/python3.10/site-packages/airflow/models/taskinstance.py", line 465, in _execute_task
    result = _execute_callable(context=context, **execute_callable_kwargs)
  File "/home/airflow/.local/lib/python3.10/site-packages/airflow/models/taskinstance.py", line 432, in _execute_callable
    return execute_callable(context=context, **execute_callable_kwargs)
  File "/home/airflow/.local/lib/python3.10/site-packages/airflow/models/baseoperator.py", line 401, in wrapper
    return func(self, *args, **kwargs)
  File "/opt/airflow/operators/twitteroperator.py", line 33, in execute
    with open(self.file_path, 'w') as file:
PermissionError: [Errno 13] Permission denied: '/opt/data_hook/tweets_2026-02-09.json'
[2026-02-12T16:02:59.534+0000] {taskinstance.py:1206} INFO - Marking task as FAILED. dag_id=twitter_pipeline, task_id=extrair_tweets, run_id=scheduled__2026-02-09T00:00:00+00:00, execution_date=20260209T000000, start_date=20260212T160259, end_date=20260212T160259
[2026-02-12T16:02:59.543+0000] {standard_task_runner.py:110} ERROR - Failed to execute job 46 for task extrair_tweets ([Errno 13] Permission denied: '/opt/data_hook/tweets_2026-02-09.json'; 204)
[2026-02-12T16:02:59.572+0000] {local_task_job_runner.py:243} INFO - Task exited with return code 1
[2026-02-12T16:02:59.586+0000] {taskinstance.py:3503} INFO - 0 downstream tasks scheduled from follow-on schedule check
[2026-02-12T16:02:59.588+0000] {local_task_job_runner.py:222} INFO - ::endgroup::
[2026-02-12T16:06:09.262+0000] {local_task_job_runner.py:120} INFO - ::group::Pre task execution logs
[2026-02-12T16:06:09.275+0000] {taskinstance.py:2076} INFO - Dependencies all met for dep_context=non-requeueable deps ti=<TaskInstance: twitter_pipeline.extrair_tweets scheduled__2026-02-09T00:00:00+00:00 [queued]>
[2026-02-12T16:06:09.279+0000] {taskinstance.py:2076} INFO - Dependencies all met for dep_context=requeueable deps ti=<TaskInstance: twitter_pipeline.extrair_tweets scheduled__2026-02-09T00:00:00+00:00 [queued]>
[2026-02-12T16:06:09.279+0000] {taskinstance.py:2306} INFO - Starting attempt 1 of 1
[2026-02-12T16:06:09.287+0000] {taskinstance.py:2330} INFO - Executing <Task(TwitterOperator): extrair_tweets> on 2026-02-09 00:00:00+00:00
[2026-02-12T16:06:09.291+0000] {standard_task_runner.py:64} INFO - Started process 196 to run task
[2026-02-12T16:06:09.295+0000] {standard_task_runner.py:90} INFO - Running: ['airflow', 'tasks', 'run', 'twitter_pipeline', 'extrair_tweets', 'scheduled__2026-02-09T00:00:00+00:00', '--job-id', '10', '--raw', '--subdir', 'DAGS_FOLDER/dag_test.py', '--cfg-path', '/tmp/tmpmdfaw2zr']
[2026-02-12T16:06:09.297+0000] {standard_task_runner.py:91} INFO - Job 10: Subtask extrair_tweets
[2026-02-12T16:06:09.342+0000] {task_command.py:426} INFO - Running <TaskInstance: twitter_pipeline.extrair_tweets scheduled__2026-02-09T00:00:00+00:00 [running]> on host 711899c31697
[2026-02-12T16:06:09.409+0000] {taskinstance.py:2648} INFO - Exporting env vars: AIRFLOW_CTX_DAG_OWNER='airflow' AIRFLOW_CTX_DAG_ID='twitter_pipeline' AIRFLOW_CTX_TASK_ID='extrair_tweets' AIRFLOW_CTX_EXECUTION_DATE='2026-02-09T00:00:00+00:00' AIRFLOW_CTX_TRY_NUMBER='1' AIRFLOW_CTX_DAG_RUN_ID='scheduled__2026-02-09T00:00:00+00:00'
[2026-02-12T16:06:09.410+0000] {taskinstance.py:430} INFO - ::endgroup::
[2026-02-12T16:06:09.418+0000] {taskinstance.py:441} INFO - ::group::Post task execution logs
[2026-02-12T16:06:09.426+0000] {taskinstance.py:2905} ERROR - Task failed with exception
Traceback (most recent call last):
  File "/home/airflow/.local/lib/python3.10/site-packages/airflow/models/taskinstance.py", line 465, in _execute_task
    result = _execute_callable(context=context, **execute_callable_kwargs)
  File "/home/airflow/.local/lib/python3.10/site-packages/airflow/models/taskinstance.py", line 432, in _execute_callable
    return execute_callable(context=context, **execute_callable_kwargs)
  File "/home/airflow/.local/lib/python3.10/site-packages/airflow/models/baseoperator.py", line 401, in wrapper
    return func(self, *args, **kwargs)
  File "/opt/airflow/operators/twitteroperator.py", line 34, in execute
    for page in hook.run():
  File "/opt/airflow/hook/twitterhook.py", line 55, in run
    session = self.get_conn()
  File "/home/airflow/.local/lib/python3.10/site-packages/airflow/providers/http/hooks/http.py", line 108, in get_conn
    conn = self.get_connection(self.http_conn_id)
  File "/home/airflow/.local/lib/python3.10/site-packages/airflow/hooks/base.py", line 83, in get_connection
    conn = Connection.get_connection_from_secrets(conn_id)
  File "/home/airflow/.local/lib/python3.10/site-packages/airflow/models/connection.py", line 519, in get_connection_from_secrets
    raise AirflowNotFoundException(f"The conn_id `{conn_id}` isn't defined")
airflow.exceptions.AirflowNotFoundException: The conn_id `twitter_default` isn't defined
[2026-02-12T16:06:09.428+0000] {taskinstance.py:1206} INFO - Marking task as FAILED. dag_id=twitter_pipeline, task_id=extrair_tweets, run_id=scheduled__2026-02-09T00:00:00+00:00, execution_date=20260209T000000, start_date=20260212T160609, end_date=20260212T160609
[2026-02-12T16:06:09.435+0000] {standard_task_runner.py:110} ERROR - Failed to execute job 10 for task extrair_tweets (The conn_id `twitter_default` isn't defined; 196)
[2026-02-12T16:06:09.466+0000] {local_task_job_runner.py:243} INFO - Task exited with return code 1
[2026-02-12T16:06:09.480+0000] {taskinstance.py:3503} INFO - 0 downstream tasks scheduled from follow-on schedule check
[2026-02-12T16:06:09.481+0000] {local_task_job_runner.py:222} INFO - ::endgroup::
