[2026-02-12T23:31:14.587+0000] {local_task_job_runner.py:120} INFO - ::group::Pre task execution logs
[2026-02-12T23:31:14.602+0000] {taskinstance.py:2076} INFO - Dependencies all met for dep_context=non-requeueable deps ti=<TaskInstance: twitter_pipeline_2.extrair_tweets scheduled__2026-02-08T00:00:00+00:00 [queued]>
[2026-02-12T23:31:14.608+0000] {taskinstance.py:2076} INFO - Dependencies all met for dep_context=requeueable deps ti=<TaskInstance: twitter_pipeline_2.extrair_tweets scheduled__2026-02-08T00:00:00+00:00 [queued]>
[2026-02-12T23:31:14.609+0000] {taskinstance.py:2306} INFO - Starting attempt 1 of 1
[2026-02-12T23:31:14.620+0000] {taskinstance.py:2330} INFO - Executing <Task(TwitterOperator): extrair_tweets> on 2026-02-08 00:00:00+00:00
[2026-02-12T23:31:14.625+0000] {standard_task_runner.py:64} INFO - Started process 1504 to run task
[2026-02-12T23:31:14.628+0000] {standard_task_runner.py:90} INFO - Running: ['airflow', 'tasks', 'run', 'twitter_pipeline_2', 'extrair_tweets', 'scheduled__2026-02-08T00:00:00+00:00', '--job-id', '181', '--raw', '--subdir', 'DAGS_FOLDER/dag2.py', '--cfg-path', '/tmp/tmpauyyfisk']
[2026-02-12T23:31:14.630+0000] {standard_task_runner.py:91} INFO - Job 181: Subtask extrair_tweets
[2026-02-12T23:31:14.685+0000] {task_command.py:426} INFO - Running <TaskInstance: twitter_pipeline_2.extrair_tweets scheduled__2026-02-08T00:00:00+00:00 [running]> on host 0bc7f8c4ce9d
[2026-02-12T23:31:14.767+0000] {taskinstance.py:2648} INFO - Exporting env vars: AIRFLOW_CTX_DAG_OWNER='airflow' AIRFLOW_CTX_DAG_ID='twitter_pipeline_2' AIRFLOW_CTX_TASK_ID='extrair_tweets' AIRFLOW_CTX_EXECUTION_DATE='2026-02-08T00:00:00+00:00' AIRFLOW_CTX_TRY_NUMBER='1' AIRFLOW_CTX_DAG_RUN_ID='scheduled__2026-02-08T00:00:00+00:00'
[2026-02-12T23:31:14.768+0000] {taskinstance.py:430} INFO - ::endgroup::
[2026-02-12T23:31:14.778+0000] {base.py:84} INFO - Using connection ID 'twitter_default' for task execution.
[2026-02-12T23:31:14.779+0000] {twitterhook.py:32} INFO - Requesting https://labdados.com//2/tweets/search/recent?query=data%20science&tweet.fields=author_id,conversation_id,created_at,id,in_reply_to_user_id,public_metrics,lang,text&expansions=author_id&user.fields=id,name,username,created_at&start_time=2026-02-08T00:00:00.00Z&end_time=2026-02-09T00:00:00.00Z
[2026-02-12T23:31:15.633+0000] {twitteroperator.py:41} INFO - Tweets salvos em /opt/airflow/data/raw/tweets_2026-02-08.json
[2026-02-12T23:31:15.633+0000] {taskinstance.py:441} INFO - ::group::Post task execution logs
[2026-02-12T23:31:15.656+0000] {taskinstance.py:1206} INFO - Marking task as SUCCESS. dag_id=twitter_pipeline_2, task_id=extrair_tweets, run_id=scheduled__2026-02-08T00:00:00+00:00, execution_date=20260208T000000, start_date=20260212T233114, end_date=20260212T233115
[2026-02-12T23:31:15.683+0000] {local_task_job_runner.py:243} INFO - Task exited with return code 0
[2026-02-12T23:31:15.708+0000] {taskinstance.py:3503} INFO - 1 downstream tasks scheduled from follow-on schedule check
[2026-02-12T23:31:15.710+0000] {local_task_job_runner.py:222} INFO - ::endgroup::
[2026-02-12T23:41:46.165+0000] {local_task_job_runner.py:120} INFO - ::group::Pre task execution logs
[2026-02-12T23:41:46.177+0000] {taskinstance.py:2076} INFO - Dependencies all met for dep_context=non-requeueable deps ti=<TaskInstance: twitter_pipeline_2.extrair_tweets scheduled__2026-02-08T00:00:00+00:00 [queued]>
[2026-02-12T23:41:46.181+0000] {taskinstance.py:2076} INFO - Dependencies all met for dep_context=requeueable deps ti=<TaskInstance: twitter_pipeline_2.extrair_tweets scheduled__2026-02-08T00:00:00+00:00 [queued]>
[2026-02-12T23:41:46.182+0000] {taskinstance.py:2306} INFO - Starting attempt 1 of 1
[2026-02-12T23:41:46.189+0000] {taskinstance.py:2330} INFO - Executing <Task(TwitterOperator): extrair_tweets> on 2026-02-08 00:00:00+00:00
[2026-02-12T23:41:46.194+0000] {standard_task_runner.py:64} INFO - Started process 6942 to run task
[2026-02-12T23:41:46.197+0000] {standard_task_runner.py:90} INFO - Running: ['airflow', 'tasks', 'run', 'twitter_pipeline_2', 'extrair_tweets', 'scheduled__2026-02-08T00:00:00+00:00', '--job-id', '223', '--raw', '--subdir', 'DAGS_FOLDER/dag2.py', '--cfg-path', '/tmp/tmp68qa39q8']
[2026-02-12T23:41:46.199+0000] {standard_task_runner.py:91} INFO - Job 223: Subtask extrair_tweets
[2026-02-12T23:41:46.237+0000] {task_command.py:426} INFO - Running <TaskInstance: twitter_pipeline_2.extrair_tweets scheduled__2026-02-08T00:00:00+00:00 [running]> on host 0bc7f8c4ce9d
[2026-02-12T23:41:46.304+0000] {taskinstance.py:2648} INFO - Exporting env vars: AIRFLOW_CTX_DAG_OWNER='airflow' AIRFLOW_CTX_DAG_ID='twitter_pipeline_2' AIRFLOW_CTX_TASK_ID='extrair_tweets' AIRFLOW_CTX_EXECUTION_DATE='2026-02-08T00:00:00+00:00' AIRFLOW_CTX_TRY_NUMBER='1' AIRFLOW_CTX_DAG_RUN_ID='scheduled__2026-02-08T00:00:00+00:00'
[2026-02-12T23:41:46.305+0000] {taskinstance.py:430} INFO - ::endgroup::
[2026-02-12T23:41:46.312+0000] {base.py:84} INFO - Using connection ID 'twitter_default' for task execution.
[2026-02-12T23:41:46.314+0000] {twitterhook.py:32} INFO - Requesting https://labdados.com//2/tweets/search/recent?query=data%20science&tweet.fields=author_id,conversation_id,created_at,id,in_reply_to_user_id,public_metrics,lang,text&expansions=author_id&user.fields=id,name,username,created_at&start_time=2026-02-08T00:00:00.00Z&end_time=2026-02-09T00:00:00.00Z
[2026-02-12T23:41:46.741+0000] {twitterhook.py:32} INFO - Requesting https://labdados.com//2/tweets/search/recent?query=data%20science&tweet.fields=author_id,conversation_id,created_at,id,in_reply_to_user_id,public_metrics,lang,text&expansions=author_id&user.fields=id,name,username,created_at&start_time=2026-02-08T00:00:00.00Z&end_time=2026-02-09T00:00:00.00Z&next_token=***67890abcdef
[2026-02-12T23:41:46.876+0000] {twitteroperator.py:41} INFO - Tweets salvos em /opt/airflow/data/raw/tweets_2026-02-08.json
[2026-02-12T23:41:46.876+0000] {taskinstance.py:441} INFO - ::group::Post task execution logs
[2026-02-12T23:41:46.896+0000] {taskinstance.py:1206} INFO - Marking task as SUCCESS. dag_id=twitter_pipeline_2, task_id=extrair_tweets, run_id=scheduled__2026-02-08T00:00:00+00:00, execution_date=20260208T000000, start_date=20260212T234146, end_date=20260212T234146
[2026-02-12T23:41:46.930+0000] {local_task_job_runner.py:243} INFO - Task exited with return code 0
[2026-02-12T23:41:46.950+0000] {taskinstance.py:3503} INFO - 1 downstream tasks scheduled from follow-on schedule check
[2026-02-12T23:41:46.952+0000] {local_task_job_runner.py:222} INFO - ::endgroup::
