[2026-02-12T16:02:51.590+0000] {local_task_job_runner.py:120} INFO - ::group::Pre task execution logs
[2026-02-12T16:02:51.607+0000] {taskinstance.py:2076} INFO - Dependencies all met for dep_context=non-requeueable deps ti=<TaskInstance: twitter_pipeline.extrair_tweets scheduled__2026-02-05T00:00:00+00:00 [queued]>
[2026-02-12T16:02:51.613+0000] {taskinstance.py:2076} INFO - Dependencies all met for dep_context=requeueable deps ti=<TaskInstance: twitter_pipeline.extrair_tweets scheduled__2026-02-05T00:00:00+00:00 [queued]>
[2026-02-12T16:02:51.613+0000] {taskinstance.py:2306} INFO - Starting attempt 1 of 1
[2026-02-12T16:02:51.625+0000] {taskinstance.py:2330} INFO - Executing <Task(TwitterOperator): extrair_tweets> on 2026-02-05 00:00:00+00:00
[2026-02-12T16:02:51.630+0000] {standard_task_runner.py:64} INFO - Started process 196 to run task
[2026-02-12T16:02:51.635+0000] {standard_task_runner.py:90} INFO - Running: ['airflow', 'tasks', 'run', 'twitter_pipeline', 'extrair_tweets', 'scheduled__2026-02-05T00:00:00+00:00', '--job-id', '42', '--raw', '--subdir', 'DAGS_FOLDER/dag_test.py', '--cfg-path', '/tmp/tmp774n1gac']
[2026-02-12T16:02:51.637+0000] {standard_task_runner.py:91} INFO - Job 42: Subtask extrair_tweets
[2026-02-12T16:02:51.693+0000] {task_command.py:426} INFO - Running <TaskInstance: twitter_pipeline.extrair_tweets scheduled__2026-02-05T00:00:00+00:00 [running]> on host 905f4688aa0a
[2026-02-12T16:02:51.779+0000] {taskinstance.py:2648} INFO - Exporting env vars: AIRFLOW_CTX_DAG_OWNER='airflow' AIRFLOW_CTX_DAG_ID='twitter_pipeline' AIRFLOW_CTX_TASK_ID='extrair_tweets' AIRFLOW_CTX_EXECUTION_DATE='2026-02-05T00:00:00+00:00' AIRFLOW_CTX_TRY_NUMBER='1' AIRFLOW_CTX_DAG_RUN_ID='scheduled__2026-02-05T00:00:00+00:00'
[2026-02-12T16:02:51.780+0000] {taskinstance.py:430} INFO - ::endgroup::
[2026-02-12T16:02:51.780+0000] {taskinstance.py:441} INFO - ::group::Post task execution logs
[2026-02-12T16:02:51.780+0000] {taskinstance.py:2905} ERROR - Task failed with exception
Traceback (most recent call last):
  File "/home/airflow/.local/lib/python3.10/site-packages/airflow/models/taskinstance.py", line 465, in _execute_task
    result = _execute_callable(context=context, **execute_callable_kwargs)
  File "/home/airflow/.local/lib/python3.10/site-packages/airflow/models/taskinstance.py", line 432, in _execute_callable
    return execute_callable(context=context, **execute_callable_kwargs)
  File "/home/airflow/.local/lib/python3.10/site-packages/airflow/models/baseoperator.py", line 401, in wrapper
    return func(self, *args, **kwargs)
  File "/opt/airflow/operators/twitteroperator.py", line 33, in execute
    with open(self.file_path, 'w') as file:
PermissionError: [Errno 13] Permission denied: '/opt/data_hook/tweets_2026-02-05.json'
[2026-02-12T16:02:51.790+0000] {taskinstance.py:1206} INFO - Marking task as FAILED. dag_id=twitter_pipeline, task_id=extrair_tweets, run_id=scheduled__2026-02-05T00:00:00+00:00, execution_date=20260205T000000, start_date=20260212T160251, end_date=20260212T160251
[2026-02-12T16:02:51.799+0000] {standard_task_runner.py:110} ERROR - Failed to execute job 42 for task extrair_tweets ([Errno 13] Permission denied: '/opt/data_hook/tweets_2026-02-05.json'; 196)
[2026-02-12T16:02:51.847+0000] {local_task_job_runner.py:243} INFO - Task exited with return code 1
[2026-02-12T16:02:51.863+0000] {taskinstance.py:3503} INFO - 0 downstream tasks scheduled from follow-on schedule check
[2026-02-12T16:02:51.865+0000] {local_task_job_runner.py:222} INFO - ::endgroup::
[2026-02-12T16:06:01.291+0000] {local_task_job_runner.py:120} INFO - ::group::Pre task execution logs
[2026-02-12T16:06:01.307+0000] {taskinstance.py:2076} INFO - Dependencies all met for dep_context=non-requeueable deps ti=<TaskInstance: twitter_pipeline.extrair_tweets scheduled__2026-02-05T00:00:00+00:00 [queued]>
[2026-02-12T16:06:01.317+0000] {taskinstance.py:2076} INFO - Dependencies all met for dep_context=requeueable deps ti=<TaskInstance: twitter_pipeline.extrair_tweets scheduled__2026-02-05T00:00:00+00:00 [queued]>
[2026-02-12T16:06:01.317+0000] {taskinstance.py:2306} INFO - Starting attempt 1 of 1
[2026-02-12T16:06:01.332+0000] {taskinstance.py:2330} INFO - Executing <Task(TwitterOperator): extrair_tweets> on 2026-02-05 00:00:00+00:00
[2026-02-12T16:06:01.338+0000] {standard_task_runner.py:64} INFO - Started process 188 to run task
[2026-02-12T16:06:01.342+0000] {standard_task_runner.py:90} INFO - Running: ['airflow', 'tasks', 'run', 'twitter_pipeline', 'extrair_tweets', 'scheduled__2026-02-05T00:00:00+00:00', '--job-id', '6', '--raw', '--subdir', 'DAGS_FOLDER/dag_test.py', '--cfg-path', '/tmp/tmplfnc0akx']
[2026-02-12T16:06:01.344+0000] {standard_task_runner.py:91} INFO - Job 6: Subtask extrair_tweets
[2026-02-12T16:06:01.402+0000] {task_command.py:426} INFO - Running <TaskInstance: twitter_pipeline.extrair_tweets scheduled__2026-02-05T00:00:00+00:00 [running]> on host 711899c31697
[2026-02-12T16:06:01.482+0000] {taskinstance.py:2648} INFO - Exporting env vars: AIRFLOW_CTX_DAG_OWNER='airflow' AIRFLOW_CTX_DAG_ID='twitter_pipeline' AIRFLOW_CTX_TASK_ID='extrair_tweets' AIRFLOW_CTX_EXECUTION_DATE='2026-02-05T00:00:00+00:00' AIRFLOW_CTX_TRY_NUMBER='1' AIRFLOW_CTX_DAG_RUN_ID='scheduled__2026-02-05T00:00:00+00:00'
[2026-02-12T16:06:01.483+0000] {taskinstance.py:430} INFO - ::endgroup::
[2026-02-12T16:06:01.494+0000] {taskinstance.py:441} INFO - ::group::Post task execution logs
[2026-02-12T16:06:01.503+0000] {taskinstance.py:2905} ERROR - Task failed with exception
Traceback (most recent call last):
  File "/home/airflow/.local/lib/python3.10/site-packages/airflow/models/taskinstance.py", line 465, in _execute_task
    result = _execute_callable(context=context, **execute_callable_kwargs)
  File "/home/airflow/.local/lib/python3.10/site-packages/airflow/models/taskinstance.py", line 432, in _execute_callable
    return execute_callable(context=context, **execute_callable_kwargs)
  File "/home/airflow/.local/lib/python3.10/site-packages/airflow/models/baseoperator.py", line 401, in wrapper
    return func(self, *args, **kwargs)
  File "/opt/airflow/operators/twitteroperator.py", line 34, in execute
    for page in hook.run():
  File "/opt/airflow/hook/twitterhook.py", line 55, in run
    session = self.get_conn()
  File "/home/airflow/.local/lib/python3.10/site-packages/airflow/providers/http/hooks/http.py", line 108, in get_conn
    conn = self.get_connection(self.http_conn_id)
  File "/home/airflow/.local/lib/python3.10/site-packages/airflow/hooks/base.py", line 83, in get_connection
    conn = Connection.get_connection_from_secrets(conn_id)
  File "/home/airflow/.local/lib/python3.10/site-packages/airflow/models/connection.py", line 519, in get_connection_from_secrets
    raise AirflowNotFoundException(f"The conn_id `{conn_id}` isn't defined")
airflow.exceptions.AirflowNotFoundException: The conn_id `twitter_default` isn't defined
[2026-02-12T16:06:01.507+0000] {taskinstance.py:1206} INFO - Marking task as FAILED. dag_id=twitter_pipeline, task_id=extrair_tweets, run_id=scheduled__2026-02-05T00:00:00+00:00, execution_date=20260205T000000, start_date=20260212T160601, end_date=20260212T160601
[2026-02-12T16:06:01.515+0000] {standard_task_runner.py:110} ERROR - Failed to execute job 6 for task extrair_tweets (The conn_id `twitter_default` isn't defined; 188)
[2026-02-12T16:06:01.555+0000] {local_task_job_runner.py:243} INFO - Task exited with return code 1
[2026-02-12T16:06:01.572+0000] {taskinstance.py:3503} INFO - 0 downstream tasks scheduled from follow-on schedule check
[2026-02-12T16:06:01.574+0000] {local_task_job_runner.py:222} INFO - ::endgroup::
